******************************************************************************
                  TI ARM Linker PC v20.2.7                     
******************************************************************************
>> Linked Thu Dec 12 17:12:57 2024

OUTPUT FILE NAME:   <car.out>
ENTRY POINT SYMBOL: "_c_int00_noargs"  address: 000014d5


MEMORY CONFIGURATION

         name            origin    length      used     unused   attr    fill
----------------------  --------  ---------  --------  --------  ----  --------
  FLASH                 00000000   00040000  00001a04  0003e5fc  R  X
  SRAM                  20000000   00008000  00000a7d  00007583  RW X


SEGMENT ALLOCATION MAP

run origin  load origin   length   init length attrs members
----------  ----------- ---------- ----------- ----- -------
00000000    00000000    00001a08   00001a08    r-x
  00000000    00000000    0000026c   0000026c    r-- .intvecs
  0000026c    0000026c    000014fc   000014fc    r-x .text
  00001768    00001768    0000025c   0000025c    r-- .const
  000019c8    000019c8    00000040   00000040    r-- .cinit
20000000    20000000    00000a80   00000000    rw-
  20000000    20000000    0000026c   00000000    rw- .vtable
  2000026c    2000026c    00000409   00000000    rw- .data
  20000678    20000678    00000400   00000000    rw- .stack
  20000a78    20000a78    00000008   00000000    rw- .bss


SECTION ALLOCATION MAP

 output                                  attributes/
section   page    origin      length       input sections
--------  ----  ----------  ----------   ----------------
.intvecs   0    00000000    0000026c     
                  00000000    0000026c     tm4c123gh6pm_startup_ccs.obj (.intvecs)

.text      0    0000026c    000014fc     
                  0000026c    000004a8     uartstdio.obj (.text)
                  00000714    000002ec     WIFI.obj (.text)
                  00000a00    000002d8     motor.obj (.text)
                  00000cd8    0000016c     driverlib.lib : gpio.obj (.text:GPIOPadConfigSet)
                  00000e44    00000118                   : sysctl.obj (.text:SysCtlClockGet)
                  00000f5c    000000f4                   : sysctl.obj (.text:SysCtlClockSet)
                  00001050    0000009c     rtsv7M4_T_le_v4SPD16_eabi.lib : memcpy_t2.asm.obj (.text)
                  000010ec    0000007a                                   : memset_t2.asm.obj (.text)
                  00001166    00000002                                   : div0.asm.obj (.text)
                  00001168    0000006c     main.obj (.text)
                  000011d4    00000068     driverlib.lib : interrupt.obj (.text:IntEnable)
                  0000123c    00000068     rtsv7M4_T_le_v4SPD16_eabi.lib : copy_decompress_lzss.c.obj (.text:decompress:lzss:__TI_decompress_lzss)
                  000012a4    0000004c     driverlib.lib : gpio.obj (.text:GPIOPinConfigure)
                  000012f0    00000046                   : uart.obj (.text:UARTConfigSetExpClk)
                  00001336    00000002     --HOLE-- [fill = 0]
                  00001338    00000044     rtsv7M4_T_le_v4SPD16_eabi.lib : autoinit.c.obj (.text:__TI_auto_init_nobinit_nopinit:__TI_auto_init_nobinit_nopinit)
                  0000137c    00000040     driverlib.lib : uart.obj (.text:_UARTIntNumberGet)
                  000013bc    00000040     rtsv7M4_T_le_v4SPD16_eabi.lib : u_divt2.asm.obj (.text)
                  000013fc    00000038     driverlib.lib : sysctl.obj (.text:SysCtlPeripheralPresent)
                  00001434    00000038                   : sysctl.obj (.text:SysCtlPeripheralReady)
                  0000146c    00000034                   : interrupt.obj (.text:IntRegister)
                  000014a0    00000034                   : sysctl.obj (.text:SysCtlPeripheralEnable)
                  000014d4    00000034     rtsv7M4_T_le_v4SPD16_eabi.lib : boot_cortex_m.c.obj (.text:_c_int00_noargs:_c_int00_noargs)
                  00001508    00000034                                   : strstr.c.obj (.text:strstr)
                  0000153c    0000002c     driverlib.lib : gpio.obj (.text:GPIODirModeSet)
                  00001568    00000024                   : interrupt.obj (.text:IntPrioritySet)
                  0000158c    00000022                   : pwm.obj (.text:PWMGenConfigure)
                  000015ae    00000002     --HOLE-- [fill = 0]
                  000015b0    00000020                   : uart.obj (.text:UARTDisable)
                  000015d0    0000001e                   : pwm.obj (.text:PWMPulseWidthSet)
                  000015ee    0000001c     rtsv7M4_T_le_v4SPD16_eabi.lib : copy_zero_init.c.obj (.text:decompress:ZI:__TI_zero_init_nomemset:__TI_zero_init_nomemset)
                  0000160a    0000001a     driverlib.lib : gpio.obj (.text:GPIOPinTypeGPIOOutput)
                  00001624    00000018                   : uart.obj (.text:UARTIntRegister)
                  0000163c    00000018     rtsv7M4_T_le_v4SPD16_eabi.lib : strcmp.c.obj (.text:strcmp)
                  00001654    00000016     driverlib.lib : gpio.obj (.text:GPIOPinTypePWM)
                  0000166a    00000016                   : gpio.obj (.text:GPIOPinTypeUART)
                  00001680    00000014                   : sysctl.obj (.text:SysCtlPWMClockSet)
                  00001694    00000014                   : uart.obj (.text:UARTEnable)
                  000016a8    00000012                   : pwm.obj (.text:PWMOutputState)
                  000016ba    00000010                   : interrupt.obj (.text:IntMasterEnable)
                  000016ca    00000010                   : pwm.obj (.text:PWMGenPeriodSet)
                  000016da    0000000e                   : uart.obj (.text:UARTCharsAvail)
                  000016e8    0000000e     rtsv7M4_T_le_v4SPD16_eabi.lib : copy_decompress_none.c.obj (.text:decompress:none:__TI_decompress_none)
                  000016f6    0000000c     driverlib.lib : cpu.obj (.text:CPUcpsie)
                  00001702    0000000c                   : pwm.obj (.text:PWMGenEnable)
                  0000170e    0000000c     tm4c123gh6pm_startup_ccs.obj (.text)
                  0000171a    0000000a     driverlib.lib : uart.obj (.text:UARTCharGet)
                  00001724    0000000a                   : uart.obj (.text:UARTCharPut)
                  0000172e    0000000a                   : uart.obj (.text:UARTFIFOEnable)
                  00001738    0000000a                   : uart.obj (.text:UARTIntStatus)
                  00001742    00000008                   : uart.obj (.text:UARTIntEnable)
                  0000174a    00000006                   : gpio.obj (.text:GPIOPinWrite)
                  00001750    00000006                   : sysctl.obj (.text:SysCtlDelay)
                  00001756    00000006                   : uart.obj (.text:UARTFIFOLevelSet)
                  0000175c    00000004                   : uart.obj (.text:UARTIntClear)
                  00001760    00000004     rtsv7M4_T_le_v4SPD16_eabi.lib : pre_init.c.obj (.text:_system_pre_init)
                  00001764    00000004                                   : exit.c.obj (.text:abort:abort)

.const     0    00001768    0000025c     
                  00001768    0000009c     driverlib.lib : interrupt.obj (.const:g_pui32Regs)
                  00001804    00000090                   : gpio.obj (.const:g_pui32GPIOBaseAddrs)
                  00001894    0000006c                   : sysctl.obj (.const:g_pui32Xtals)
                  00001900    00000040                   : uart.obj (.const:g_ppui32UARTIntMap)
                  00001940    00000040                   : uart.obj (.const:g_ppui32UARTIntMapSnowflake)
                  00001980    00000014                   : interrupt.obj (.const:g_pui32EnRegs)
                  00001994    00000012     uartstdio.obj (.const:.string)
                  000019a6    00000002     --HOLE-- [fill = 0]
                  000019a8    0000000c     uartstdio.obj (.const:g_ui32UARTBase)
                  000019b4    0000000c     uartstdio.obj (.const:g_ui32UARTPeriph)
                  000019c0    00000004     uartstdio.obj (.const)

.cinit     0    000019c8    00000040     
                  000019c8    0000000c     (__TI_handler_table)
                  000019d4    00000009     (.cinit..data.load) [load image, compression = lzss]
                  000019dd    00000003     --HOLE-- [fill = 0]
                  000019e0    00000008     (.cinit..bss.load) [load image, compression = zero_init]
                  000019e8    00000008     (.cinit..vtable.load) [load image, compression = zero_init]
                  000019f0    00000018     (__TI_cinit_table)

.init_array 
*          0    00000000    00000000     UNINITIALIZED

.vtable    0    20000000    0000026c     UNINITIALIZED
                  20000000    0000026c     driverlib.lib : interrupt.obj (.vtable)

.data      0    2000026c    00000409     UNINITIALIZED
                  2000026c    00000402     WIFI.obj (.data:wifidata)
                  2000066e    00000002     --HOLE--
                  20000670    00000005     uartstdio.obj (.data)

.bss       0    20000a78    00000008     UNINITIALIZED
                  20000a78    00000004     (.common:direction)
                  20000a7c    00000004     (.common:last_dir)

.stack     0    20000678    00000400     UNINITIALIZED
                  20000678    00000004     rtsv7M4_T_le_v4SPD16_eabi.lib : boot_cortex_m.c.obj (.stack)
                  2000067c    000003fc     --HOLE--

__llvm_prf_cnts 
*          0    20000000    00000000     UNINITIALIZED

MODULE SUMMARY

       Module                         code   ro data   rw data
       ------                         ----   -------   -------
    .\
       WIFI.obj                       748    0         1030   
       uartstdio.obj                  1192   46        5      
       motor.obj                      728    0         0      
       tm4c123gh6pm_startup_ccs.obj   12     620       0      
       main.obj                       108    0         4      
    +--+------------------------------+------+---------+---------+
       Total:                         2788   666       1039   
                                                              
    D:/enbeded/TivaWare_C_Series/driverlib/ccs/Debug/driverlib.lib
       interrupt.obj                  208    176       620    
       sysctl.obj                     714    108       0      
       gpio.obj                       560    144       0      
       uart.obj                       282    128       0      
       pwm.obj                        110    0         0      
       cpu.obj                        12     0         0      
    +--+------------------------------+------+---------+---------+
       Total:                         1886   556       620    
                                                              
    D:\enbeded\ti\ccs\ccs\tools\compiler\ti-cgt-arm_20.2.7.LTS\lib\rtsv7M4_T_le_v4SPD16_eabi.lib
       memcpy_t2.asm.obj              156    0         0      
       memset_t2.asm.obj              122    0         0      
       copy_decompress_lzss.c.obj     104    0         0      
       autoinit.c.obj                 68     0         0      
       u_divt2.asm.obj                64     0         0      
       boot_cortex_m.c.obj            52     0         0      
       strstr.c.obj                   52     0         0      
       copy_zero_init.c.obj           28     0         0      
       strcmp.c.obj                   24     0         0      
       copy_decompress_none.c.obj     14     0         0      
       exit.c.obj                     4      0         0      
       pre_init.c.obj                 4      0         0      
       div0.asm.obj                   2      0         0      
    +--+------------------------------+------+---------+---------+
       Total:                         694    0         0      
                                                              
       Stack:                         0      0         1024   
       Linker Generated:              0      61        0      
    +--+------------------------------+------+---------+---------+
       Grand Total:                   5368   1283      2683   


LINKER GENERATED COPY TABLES

__TI_cinit_table @ 000019f0 records: 3, size/record: 8, table size: 24
	.data: load addr=000019d4, load size=00000009 bytes, run addr=2000026c, run size=00000409 bytes, compression=lzss
	.bss: load addr=000019e0, load size=00000008 bytes, run addr=20000a78, run size=00000008 bytes, compression=zero_init
	.vtable: load addr=000019e8, load size=00000008 bytes, run addr=20000000, run size=0000026c bytes, compression=zero_init


LINKER GENERATED HANDLER TABLE

__TI_handler_table @ 000019c8 records: 3, size/record: 4, table size: 12
	index: 0, handler: __TI_zero_init
	index: 1, handler: __TI_decompress_lzss
	index: 2, handler: __TI_decompress_none


GLOBAL SYMBOLS: SORTED ALPHABETICALLY BY Name 

address   name                          
-------   ----                          
00001765  C$$EXIT                       
000016f7  CPUcpsie                      
0000153d  GPIODirModeSet                
00000cd9  GPIOPadConfigSet              
000012a5  GPIOPinConfigure              
0000160b  GPIOPinTypeGPIOOutput         
00001655  GPIOPinTypePWM                
0000166b  GPIOPinTypeUART               
0000174b  GPIOPinWrite                  
000011d5  IntEnable                     
000016bb  IntMasterEnable               
00001569  IntPrioritySet                
0000146d  IntRegister                   
0000158d  PWMGenConfigure               
00001703  PWMGenEnable                  
000016cb  PWMGenPeriodSet               
000016a9  PWMOutputState                
000015d1  PWMPulseWidthSet              
0000170f  ResetISR                      
00000e45  SysCtlClockGet                
00000f5d  SysCtlClockSet                
00001751  SysCtlDelay                   
00001681  SysCtlPWMClockSet             
000014a1  SysCtlPeripheralEnable        
000013fd  SysCtlPeripheralPresent       
00001435  SysCtlPeripheralReady         
0000072f  UART1IntHandler               
0000171b  UARTCharGet                   
00001725  UARTCharPut                   
000016db  UARTCharsAvail                
000012f1  UARTConfigSetExpClk           
000015b1  UARTDisable                   
00001695  UARTEnable                    
0000172f  UARTFIFOEnable                
00001757  UARTFIFOLevelSet              
0000175d  UARTIntClear                  
00001743  UARTIntEnable                 
00001625  UARTIntRegister               
00001739  UARTIntStatus                 
0000026d  UARTStdioConfig               
000003bd  UARTgetc                      
00000303  UARTgets                      
000006df  UARTprintf                    
000003e5  UARTvprintf                   
000002b3  UARTwrite                     
000007b3  Wifi_Send_Cmd                 
20000a78  __STACK_END                   
00000400  __STACK_SIZE                  
20000878  __STACK_TOP                   
000019f0  __TI_CINIT_Base               
00001a08  __TI_CINIT_Limit              
000019c8  __TI_Handler_Table_Base       
000019d4  __TI_Handler_Table_Limit      
00001339  __TI_auto_init_nobinit_nopinit
0000123d  __TI_decompress_lzss          
000016e9  __TI_decompress_none          
ffffffff  __TI_pprof_out_hndl           
ffffffff  __TI_prof_data_size           
ffffffff  __TI_prof_data_start          
00000000  __TI_static_base__            
000015ef  __TI_zero_init_nomemset       
00001167  __aeabi_idiv0                 
00001167  __aeabi_ldiv0                 
000010ed  __aeabi_memclr                
000010ed  __aeabi_memclr4               
000010ed  __aeabi_memclr8               
00001051  __aeabi_memcpy                
00001051  __aeabi_memcpy4               
00001051  __aeabi_memcpy8               
000010ef  __aeabi_memset                
000010ef  __aeabi_memset4               
000010ef  __aeabi_memset8               
000013bd  __aeabi_uidiv                 
000013bd  __aeabi_uidivmod              
ffffffff  __binit__                     
ffffffff  __c_args__                    
UNDEFED   __mpu_init                    
20000678  __stack                       
20000000  __start___llvm_prf_cnts       
20000000  __stop___llvm_prf_cnts        
000014d5  _c_int00_noargs               
UNDEFED   _system_post_cinit            
00001761  _system_pre_init              
00001765  abort                         
ffffffff  binit                         
00001183  delayMs                       
00001169  delayUs                       
00000715  delay_ms                      
20000a78  direction                     
0000081d  esp8266Init                   
20000000  g_pfnRAMVectors               
00000000  g_pfnVectors                  
0000092b  getWASD                       
20000a7c  last_dir                      
0000119f  main                          
00001051  memcpy                        
000010f5  memset                        
00000a01  motor_init                    
00000a97  motor_state                   
00000b75  move                          
0000163d  strcmp                        
00001509  strstr                        
2000026c  wifidata                      


GLOBAL SYMBOLS: SORTED BY Symbol Address 

address   name                          
-------   ----                          
00000000  __TI_static_base__            
00000000  g_pfnVectors                  
0000026d  UARTStdioConfig               
000002b3  UARTwrite                     
00000303  UARTgets                      
000003bd  UARTgetc                      
000003e5  UARTvprintf                   
00000400  __STACK_SIZE                  
000006df  UARTprintf                    
00000715  delay_ms                      
0000072f  UART1IntHandler               
000007b3  Wifi_Send_Cmd                 
0000081d  esp8266Init                   
0000092b  getWASD                       
00000a01  motor_init                    
00000a97  motor_state                   
00000b75  move                          
00000cd9  GPIOPadConfigSet              
00000e45  SysCtlClockGet                
00000f5d  SysCtlClockSet                
00001051  __aeabi_memcpy                
00001051  __aeabi_memcpy4               
00001051  __aeabi_memcpy8               
00001051  memcpy                        
000010ed  __aeabi_memclr                
000010ed  __aeabi_memclr4               
000010ed  __aeabi_memclr8               
000010ef  __aeabi_memset                
000010ef  __aeabi_memset4               
000010ef  __aeabi_memset8               
000010f5  memset                        
00001167  __aeabi_idiv0                 
00001167  __aeabi_ldiv0                 
00001169  delayUs                       
00001183  delayMs                       
0000119f  main                          
000011d5  IntEnable                     
0000123d  __TI_decompress_lzss          
000012a5  GPIOPinConfigure              
000012f1  UARTConfigSetExpClk           
00001339  __TI_auto_init_nobinit_nopinit
000013bd  __aeabi_uidiv                 
000013bd  __aeabi_uidivmod              
000013fd  SysCtlPeripheralPresent       
00001435  SysCtlPeripheralReady         
0000146d  IntRegister                   
000014a1  SysCtlPeripheralEnable        
000014d5  _c_int00_noargs               
00001509  strstr                        
0000153d  GPIODirModeSet                
00001569  IntPrioritySet                
0000158d  PWMGenConfigure               
000015b1  UARTDisable                   
000015d1  PWMPulseWidthSet              
000015ef  __TI_zero_init_nomemset       
0000160b  GPIOPinTypeGPIOOutput         
00001625  UARTIntRegister               
0000163d  strcmp                        
00001655  GPIOPinTypePWM                
0000166b  GPIOPinTypeUART               
00001681  SysCtlPWMClockSet             
00001695  UARTEnable                    
000016a9  PWMOutputState                
000016bb  IntMasterEnable               
000016cb  PWMGenPeriodSet               
000016db  UARTCharsAvail                
000016e9  __TI_decompress_none          
000016f7  CPUcpsie                      
00001703  PWMGenEnable                  
0000170f  ResetISR                      
0000171b  UARTCharGet                   
00001725  UARTCharPut                   
0000172f  UARTFIFOEnable                
00001739  UARTIntStatus                 
00001743  UARTIntEnable                 
0000174b  GPIOPinWrite                  
00001751  SysCtlDelay                   
00001757  UARTFIFOLevelSet              
0000175d  UARTIntClear                  
00001761  _system_pre_init              
00001765  C$$EXIT                       
00001765  abort                         
000019c8  __TI_Handler_Table_Base       
000019d4  __TI_Handler_Table_Limit      
000019f0  __TI_CINIT_Base               
00001a08  __TI_CINIT_Limit              
20000000  __start___llvm_prf_cnts       
20000000  __stop___llvm_prf_cnts        
20000000  g_pfnRAMVectors               
2000026c  wifidata                      
20000678  __stack                       
20000878  __STACK_TOP                   
20000a78  __STACK_END                   
20000a78  direction                     
20000a7c  last_dir                      
ffffffff  __TI_pprof_out_hndl           
ffffffff  __TI_prof_data_size           
ffffffff  __TI_prof_data_start          
ffffffff  __binit__                     
ffffffff  __c_args__                    
ffffffff  binit                         
UNDEFED   __mpu_init                    
UNDEFED   _system_post_cinit            

[103 symbols]
