******************************************************************************
                  TI ARM Linker PC v20.2.7                     
******************************************************************************
>> Linked Tue Nov 26 00:50:32 2024

OUTPUT FILE NAME:   <car.out>
ENTRY POINT SYMBOL: "_c_int00_noargs"  address: 00003ab9


MEMORY CONFIGURATION

         name            origin    length      used     unused   attr    fill
----------------------  --------  ---------  --------  --------  ----  --------
  FLASH                 00000000   00040000  0000431e  0003bce2  R  X
  SRAM                  20000000   00008000  00001230  00006dd0  RW X


SEGMENT ALLOCATION MAP

run origin  load origin   length   init length attrs members
----------  ----------- ---------- ----------- ----- -------
00000000    00000000    00004320   00004320    r-x
  00000000    00000000    0000026c   0000026c    r-- .intvecs
  0000026c    0000026c    00003cb2   00003cb2    r-x .text
  00003f20    00003f20    00000360   00000360    r-- .const
  00004280    00004280    000000a0   000000a0    r-- .cinit
20000000    20000000    00001230   00000000    rw-
  20000000    20000000    0000026c   00000000    rw- .vtable
  2000026c    2000026c    000005f4   00000000    rw- .data
  20000860    20000860    00000400   00000000    rw- .stack
  20000c60    20000c60    00000400   00000000    rw- .sysmem
  20001060    20001060    000001d0   00000000    rw- .bss


SECTION ALLOCATION MAP

 output                                  attributes/
section   page    origin      length       input sections
--------  ----  ----------  ----------   ----------------
.intvecs   0    00000000    0000026c     
                  00000000    0000026c     tm4c123gh6pm_startup_ccs.obj (.intvecs)

.text      0    0000026c    00003cb2     
                  0000026c    00000a4e     rtsv7M4_T_le_v4SPD16_eabi.lib : _printfi.c.obj (.text:__TI_printfi)
                  00000cba    00000002                                   : _lock.c.obj (.text:_nop)
                  00000cbc    000004a8     uartstdio.obj (.text)
                  00001164    000002f4     motor.obj (.text)
                  00001458    000002d4     WIFI.obj (.text)
                  0000172c    00000270     rtsv7M4_T_le_v4SPD16_eabi.lib : _printfi.c.obj (.text:_pconv_a)
                  0000199c    000001d0                                   : _printfi.c.obj (.text:_pconv_g)
                  00001b6c    000001b6                                   : fd_add_t2.asm.obj (.text)
                  00001d22    00000002                                   : div0.asm.obj (.text)
                  00001d24    0000016c     driverlib.lib : gpio.obj (.text:GPIOPadConfigSet)
                  00001e90    0000013c     rtsv7M4_T_le_v4SPD16_eabi.lib : _printfi.c.obj (.text:_pconv_e)
                  00001fcc    00000136                                   : fd_div_t2.asm.obj (.text)
                  00002102    00000002     --HOLE-- [fill = 0]
                  00002104    00000124                                   : _printfi.c.obj (.text:fcvt)
                  00002228    00000118     driverlib.lib : sysctl.obj (.text:SysCtlClockGet)
                  00002340    00000114     rtsv7M4_T_le_v4SPD16_eabi.lib : fputs.c.obj (.text:fputs)
                  00002454    00000110                                   : s_scalbn.c.obj (.text:scalbn)
                  00002564    00000100                                   : memory.c.obj (.text:aligned_alloc)
                  00002664    000000fc                                   : fd_mul_t2.asm.obj (.text)
                  00002760    000000f4     driverlib.lib : sysctl.obj (.text:SysCtlClockSet)
                  00002854    000000e4     rtsv7M4_T_le_v4SPD16_eabi.lib : memory.c.obj (.text:free)
                  00002938    000000dc                                   : setvbuf.c.obj (.text:setvbuf)
                  00002a14    000000b1                                   : _printfi.c.obj (.text:_ltostr)
                  00002ac5    00000001     --HOLE-- [fill = 0]
                  00002ac6    0000009c                                   : memcpy_t2.asm.obj (.text)
                  00002b62    00000096                                   : ull_div_t2.asm.obj (.text)
                  00002bf8    0000008c                                   : fputc.c.obj (.text:fputc)
                  00002c84    00000086                                   : fd_cmp_t2.asm.obj (.text:__aeabi_cdcmple)
                  00002d0a    00000086                                   : fd_cmp_t2.asm.obj (.text:__aeabi_cdrcmple)
                  00002d90    0000007c     main.obj (.text)
                  00002e0c    0000007a     rtsv7M4_T_le_v4SPD16_eabi.lib : memset_t2.asm.obj (.text)
                  00002e86    00000002     --HOLE-- [fill = 0]
                  00002e88    00000074                                   : fclose.c.obj (.text:__TI_closefile)
                  00002efc    00000070                                   : memory.c.obj (.text:split)
                  00002f6c    0000006e                                   : _printfi.c.obj (.text:_mcpy)
                  00002fda    00000002     --HOLE-- [fill = 0]
                  00002fdc    0000006c                                   : hostrename.c.obj (.text:HOSTrename)
                  00003048    00000068                                   : hostlseek.c.obj (.text:HOSTlseek)
                  000030b0    00000068     driverlib.lib : interrupt.obj (.text:IntEnable)
                  00003118    00000068     rtsv7M4_T_le_v4SPD16_eabi.lib : copy_decompress_lzss.c.obj (.text:decompress:lzss:__TI_decompress_lzss)
                  00003180    00000068                                   : printf.c.obj (.text:printf)
                  000031e8    00000064                                   : s_frexp.c.obj (.text:frexp)
                  0000324c    00000064                                   : fseek.c.obj (.text:fseek)
                  000032b0    00000062                                   : _io_perm.c.obj (.text:__TI_wrt_ok)
                  00003312    00000002     --HOLE-- [fill = 0]
                  00003314    00000060                                   : hostopen.c.obj (.text:HOSTopen)
                  00003374    0000005c                                   : close.c.obj (.text:close)
                  000033d0    00000058                                   : hostread.c.obj (.text:HOSTread)
                  00003428    00000058                                   : hostwrite.c.obj (.text:HOSTwrite)
                  00003480    00000056                                   : _printfi.c.obj (.text:_pconv_f)
                  000034d6    00000054                                   : _ltoa.c.obj (.text:__TI_ltoa)
                  0000352a    00000052                                   : _printfi.c.obj (.text:_ecpy)
                  0000357c    0000004c     driverlib.lib : gpio.obj (.text:GPIOPinConfigure)
                  000035c8    0000004c     rtsv7M4_T_le_v4SPD16_eabi.lib : fflush.c.obj (.text:__TI_doflush)
                  00003614    0000004c                                   : atoi.c.obj (.text:atoi)
                  00003660    00000048                                   : exit.c.obj (.text:exit)
                  000036a8    00000048                                   : fd_toi_t2.asm.obj (.text)
                  000036f0    00000046     driverlib.lib : uart.obj (.text:UARTConfigSetExpClk)
                  00003736    00000002     --HOLE-- [fill = 0]
                  00003738    00000044     rtsv7M4_T_le_v4SPD16_eabi.lib : hostclose.c.obj (.text:HOSTclose)
                  0000377c    00000044                                   : hostunlink.c.obj (.text:HOSTunlink)
                  000037c0    00000044                                   : autoinit.c.obj (.text:__TI_auto_init_nobinit_nopinit:__TI_auto_init_nobinit_nopinit)
                  00003804    00000044                                   : getdevice.c.obj (.text:getdevice)
                  00003848    00000040     driverlib.lib : uart.obj (.text:_UARTIntNumberGet)
                  00003888    00000040     rtsv7M4_T_le_v4SPD16_eabi.lib : u_divt2.asm.obj (.text)
                  000038c8    0000003e                                   : _printfi.c.obj (.text:_fcpy)
                  00003906    00000002     --HOLE-- [fill = 0]
                  00003908    00000038     driverlib.lib : sysctl.obj (.text:SysCtlPeripheralPresent)
                  00003940    00000038                   : sysctl.obj (.text:SysCtlPeripheralReady)
                  00003978    00000038     rtsv7M4_T_le_v4SPD16_eabi.lib : trgmsg.c.obj (.text:__TI_writemsg)
                  000039b0    00000036                                   : strncpy.c.obj (.text:strncpy)
                  000039e6    00000002     --HOLE-- [fill = 0]
                  000039e8    00000034     driverlib.lib : interrupt.obj (.text:IntRegister)
                  00003a1c    00000034                   : sysctl.obj (.text:SysCtlPeripheralEnable)
                  00003a50    00000034     rtsv7M4_T_le_v4SPD16_eabi.lib : fopen.c.obj (.text:__TI_cleanup)
                  00003a84    00000034                                   : trgmsg.c.obj (.text:__TI_readmsg)
                  00003ab8    00000034                                   : boot_cortex_m.c.obj (.text:_c_int00_noargs:_c_int00_noargs)
                  00003aec    00000034                                   : strstr.c.obj (.text:strstr)
                  00003b20    00000030                                   : getdevice.c.obj (.text:finddevice)
                  00003b50    0000002e                                   : i_tofd_t2.asm.obj (.text)
                  00003b7e    0000002c     driverlib.lib : gpio.obj (.text:GPIODirModeSet)
                  00003baa    00000002     --HOLE-- [fill = 0]
                  00003bac    0000002c     rtsv7M4_T_le_v4SPD16_eabi.lib : unlink.c.obj (.text:unlink)
                  00003bd8    00000028                                   : memory.c.obj (.text:free_list_insert)
                  00003c00    00000028                                   : lseek.c.obj (.text:lseek)
                  00003c28    00000028                                   : write.c.obj (.text:write)
                  00003c50    00000024     driverlib.lib : interrupt.obj (.text:IntPrioritySet)
                  00003c74    00000022                   : pwm.obj (.text:PWMGenConfigure)
                  00003c96    00000002     --HOLE-- [fill = 0]
                  00003c98    00000020                   : uart.obj (.text:UARTDisable)
                  00003cb8    00000020     rtsv7M4_T_le_v4SPD16_eabi.lib : memchr.c.obj (.text:memchr)
                  00003cd8    0000001e     driverlib.lib : pwm.obj (.text:PWMPulseWidthSet)
                  00003cf6    00000002     --HOLE-- [fill = 0]
                  00003cf8    0000001c     rtsv7M4_T_le_v4SPD16_eabi.lib : memory.c.obj (.text:free_list_remove)
                  00003d14    0000001c                                   : memccpy.c.obj (.text:memccpy)
                  00003d30    0000001a     driverlib.lib : gpio.obj (.text:GPIOPinTypeGPIOOutput)
                  00003d4a    0000001a     rtsv7M4_T_le_v4SPD16_eabi.lib : s_copysign.c.obj (.text:copysign)
                  00003d64    00000018     driverlib.lib : uart.obj (.text:UARTIntRegister)
                  00003d7c    00000018     rtsv7M4_T_le_v4SPD16_eabi.lib : strcmp.c.obj (.text:strcmp)
                  00003d94    00000016     driverlib.lib : gpio.obj (.text:GPIOPinTypePWM)
                  00003daa    00000016                   : gpio.obj (.text:GPIOPinTypeUART)
                  00003dc0    00000016     rtsv7M4_T_le_v4SPD16_eabi.lib : strchr.c.obj (.text:strchr)
                  00003dd6    00000002     --HOLE-- [fill = 0]
                  00003dd8    00000014     driverlib.lib : sysctl.obj (.text:SysCtlPWMClockSet)
                  00003dec    00000014                   : uart.obj (.text:UARTEnable)
                  00003e00    00000014     rtsv7M4_T_le_v4SPD16_eabi.lib : strcpy.c.obj (.text:strcpy)
                  00003e14    00000014                                   : strlen.c.obj (.text:strlen)
                  00003e28    00000012     driverlib.lib : pwm.obj (.text:PWMOutputState)
                  00003e3a    00000012     rtsv7M4_T_le_v4SPD16_eabi.lib : wcslen.c.obj (.text:wcslen)
                  00003e4c    00000010     driverlib.lib : interrupt.obj (.text:IntMasterEnable)
                  00003e5c    00000010                   : pwm.obj (.text:PWMGenPeriodSet)
                  00003e6c    0000000e                   : uart.obj (.text:UARTCharsAvail)
                  00003e7a    0000000e     rtsv7M4_T_le_v4SPD16_eabi.lib : copy_decompress_none.c.obj (.text:decompress:none:__TI_decompress_none)
                  00003e88    0000000c     driverlib.lib : cpu.obj (.text:CPUcpsie)
                  00003e94    0000000c                   : pwm.obj (.text:PWMGenEnable)
                  00003ea0    0000000c     rtsv7M4_T_le_v4SPD16_eabi.lib : copy_zero_init.c.obj (.text:decompress:ZI:__TI_zero_init)
                  00003eac    0000000c     tm4c123gh6pm_startup_ccs.obj (.text)
                  00003eb8    0000000a     driverlib.lib : uart.obj (.text:UARTCharGet)
                  00003ec2    0000000a                   : uart.obj (.text:UARTCharPut)
                  00003ecc    0000000a                   : uart.obj (.text:UARTFIFOEnable)
                  00003ed6    0000000a                   : uart.obj (.text:UARTIntStatus)
                  00003ee0    00000008                   : uart.obj (.text:UARTIntEnable)
                  00003ee8    00000008     rtsv7M4_T_le_v4SPD16_eabi.lib : errno.c.obj (.text:__aeabi_errno_addr)
                  00003ef0    00000008                                   : memory.c.obj (.text:malloc)
                  00003ef8    00000006     driverlib.lib : gpio.obj (.text:GPIOPinWrite)
                  00003efe    00000006                   : sysctl.obj (.text:SysCtlDelay)
                  00003f04    00000006                   : uart.obj (.text:UARTFIFOLevelSet)
                  00003f0a    00000004                   : uart.obj (.text:UARTIntClear)
                  00003f0e    00000004     rtsv7M4_T_le_v4SPD16_eabi.lib : printf.c.obj (.text:_outc)
                  00003f12    00000004                                   : printf.c.obj (.text:_outs)
                  00003f16    00000004                                   : pre_init.c.obj (.text:_system_pre_init)
                  00003f1a    00000004                                   : exit.c.obj (.text:abort:abort)

.const     0    00003f20    00000360     
                  00003f20    00000101     rtsv7M4_T_le_v4SPD16_eabi.lib : ctype.c.obj (.const:.string:_ctypes_)
                  00004021    00000003     --HOLE-- [fill = 0]
                  00004024    0000009c     driverlib.lib : interrupt.obj (.const:g_pui32Regs)
                  000040c0    00000090                   : gpio.obj (.const:g_pui32GPIOBaseAddrs)
                  00004150    0000006c                   : sysctl.obj (.const:g_pui32Xtals)
                  000041bc    00000040                   : uart.obj (.const:g_ppui32UARTIntMap)
                  000041fc    00000040                   : uart.obj (.const:g_ppui32UARTIntMapSnowflake)
                  0000423c    00000014                   : interrupt.obj (.const:g_pui32EnRegs)
                  00004250    00000012     uartstdio.obj (.const:.string)
                  00004262    00000002     --HOLE-- [fill = 0]
                  00004264    0000000c     uartstdio.obj (.const:g_ui32UARTBase)
                  00004270    0000000c     uartstdio.obj (.const:g_ui32UARTPeriph)
                  0000427c    00000004     uartstdio.obj (.const)

.cinit     0    00004280    000000a0     
                  00004280    00000068     (.cinit..data.load) [load image, compression = lzss]
                  000042e8    0000000c     (__TI_handler_table)
                  000042f4    00000004     --HOLE-- [fill = 0]
                  000042f8    00000008     (.cinit..bss.load) [load image, compression = zero_init]
                  00004300    00000008     (.cinit..vtable.load) [load image, compression = zero_init]
                  00004308    00000018     (__TI_cinit_table)

.init_array 
*          0    00000000    00000000     UNINITIALIZED

.vtable    0    20000000    0000026c     UNINITIALIZED
                  20000000    0000026c     driverlib.lib : interrupt.obj (.vtable)

.data      0    2000026c    000005f4     UNINITIALIZED
                  2000026c    00000402     WIFI.obj (.data:wifidata)
                  2000066e    00000002     --HOLE--
                  20000670    000000f0     rtsv7M4_T_le_v4SPD16_eabi.lib : defs.c.obj (.data:_ftable)
                  20000760    00000078                                   : host_device.c.obj (.data:_device)
                  200007d8    00000050                                   : host_device.c.obj (.data:_stream)
                  20000828    00000010                                   : defs.c.obj (.data)
                  20000838    0000000c                                   : exit.c.obj (.data:$O1$$)
                  20000844    00000008                                   : _lock.c.obj (.data:$O1$$)
                  2000084c    00000008                                   : memory.c.obj (.data:$O1$$)
                  20000854    00000005     uartstdio.obj (.data)
                  20000859    00000003     --HOLE--
                  2000085c    00000004     rtsv7M4_T_le_v4SPD16_eabi.lib : errno.c.obj (.data)

.stack     0    20000860    00000400     UNINITIALIZED
                  20000860    00000004     rtsv7M4_T_le_v4SPD16_eabi.lib : boot_cortex_m.c.obj (.stack)
                  20000864    000003fc     --HOLE--

.sysmem    0    20000c60    00000400     UNINITIALIZED
                  20000c60    00000010     rtsv7M4_T_le_v4SPD16_eabi.lib : memory.c.obj (.sysmem)
                  20000c70    000003f0     --HOLE--

.bss       0    20001060    000001d0     UNINITIALIZED
                  20001060    00000120     rtsv7M4_T_le_v4SPD16_eabi.lib : trgmsg.c.obj (.bss:_CIOBUF_)
                  20001180    000000a0     (.common:__TI_tmpnams)
                  20001220    00000008     (.common:parmbuf)
                  20001228    00000004     (.common:direction)
                  2000122c    00000004     (.common:last_dir)

__llvm_prf_cnts 
*          0    20000000    00000000     UNINITIALIZED

MODULE SUMMARY

       Module                         code    ro data   rw data
       ------                         ----    -------   -------
    .\
       WIFI.obj                       724     0         1030   
       uartstdio.obj                  1192    46        5      
       motor.obj                      756     0         0      
       tm4c123gh6pm_startup_ccs.obj   12      620       0      
       main.obj                       124     0         4      
    +--+------------------------------+-------+---------+---------+
       Total:                         2808    666       1039   
                                                               
    D:/enbeded/TivaWare_C_Series/driverlib/ccs/Debug/driverlib.lib
       interrupt.obj                  208     176       620    
       sysctl.obj                     714     108       0      
       gpio.obj                       560     144       0      
       uart.obj                       282     128       0      
       pwm.obj                        110     0         0      
       cpu.obj                        12      0         0      
    +--+------------------------------+-------+---------+---------+
       Total:                         1886    556       620    
                                                               
    D:\enbeded\ti\ccs\ccs\tools\compiler\ti-cgt-arm_20.2.7.LTS\lib\rtsv7M4_T_le_v4SPD16_eabi.lib
       _printfi.c.obj                 4851    0         0      
       memory.c.obj                   672     0         8      
       fd_add_t2.asm.obj              438     0         0      
       defs.c.obj                     0       0         416    
       trgmsg.c.obj                   108     0         288    
       fd_div_t2.asm.obj              310     0         0      
       fputs.c.obj                    276     0         0      
       s_scalbn.c.obj                 272     0         0      
       fd_cmp_t2.asm.obj              268     0         0      
       ctype.c.obj                    0       257       0      
       fd_mul_t2.asm.obj              252     0         0      
       setvbuf.c.obj                  220     0         0      
       host_device.c.obj              0       0         200    
       memcpy_t2.asm.obj              156     0         0      
       ull_div_t2.asm.obj             150     0         0      
       fputc.c.obj                    140     0         0      
       memset_t2.asm.obj              122     0         0      
       fclose.c.obj                   116     0         0      
       getdevice.c.obj                116     0         0      
       printf.c.obj                   112     0         0      
       hostrename.c.obj               108     0         0      
       copy_decompress_lzss.c.obj     104     0         0      
       hostlseek.c.obj                104     0         0      
       hostopen.c.obj                 96      0         8      
       fseek.c.obj                    100     0         0      
       s_frexp.c.obj                  100     0         0      
       _io_perm.c.obj                 98      0         0      
       close.c.obj                    92      0         0      
       exit.c.obj                     76      0         12     
       hostread.c.obj                 88      0         0      
       hostwrite.c.obj                88      0         0      
       _ltoa.c.obj                    84      0         0      
       atoi.c.obj                     76      0         0      
       fflush.c.obj                   76      0         0      
       fd_toi_t2.asm.obj              72      0         0      
       autoinit.c.obj                 68      0         0      
       hostclose.c.obj                68      0         0      
       hostunlink.c.obj               68      0         0      
       u_divt2.asm.obj                64      0         0      
       strncpy.c.obj                  54      0         0      
       boot_cortex_m.c.obj            52      0         0      
       fopen.c.obj                    52      0         0      
       strstr.c.obj                   52      0         0      
       i_tofd_t2.asm.obj              46      0         0      
       unlink.c.obj                   44      0         0      
       lseek.c.obj                    40      0         0      
       write.c.obj                    40      0         0      
       memchr.c.obj                   32      0         0      
       memccpy.c.obj                  28      0         0      
       s_copysign.c.obj               26      0         0      
       strcmp.c.obj                   24      0         0      
       strchr.c.obj                   22      0         0      
       strcpy.c.obj                   20      0         0      
       strlen.c.obj                   20      0         0      
       wcslen.c.obj                   18      0         0      
       copy_decompress_none.c.obj     14      0         0      
       copy_zero_init.c.obj           12      0         0      
       errno.c.obj                    8       0         4      
       _lock.c.obj                    2       0         8      
       pre_init.c.obj                 4       0         0      
       div0.asm.obj                   2       0         0      
    +--+------------------------------+-------+---------+---------+
       Total:                         10821   257       944    
                                                               
       Heap:                          0       0         1024   
       Stack:                         0       0         1024   
       Linker Generated:              0       156       0      
    +--+------------------------------+-------+---------+---------+
       Grand Total:                   15515   1635      4651   


LINKER GENERATED COPY TABLES

__TI_cinit_table @ 00004308 records: 3, size/record: 8, table size: 24
	.data: load addr=00004280, load size=00000068 bytes, run addr=2000026c, run size=000005f4 bytes, compression=lzss
	.bss: load addr=000042f8, load size=00000008 bytes, run addr=20001060, run size=000001d0 bytes, compression=zero_init
	.vtable: load addr=00004300, load size=00000008 bytes, run addr=20000000, run size=0000026c bytes, compression=zero_init


LINKER GENERATED HANDLER TABLE

__TI_handler_table @ 000042e8 records: 3, size/record: 4, table size: 12
	index: 0, handler: __TI_zero_init
	index: 1, handler: __TI_decompress_lzss
	index: 2, handler: __TI_decompress_none


GLOBAL SYMBOLS: SORTED ALPHABETICALLY BY Name 

address   name                           
-------   ----                           
00003f1b  C$$EXIT                        
000039a7  C$$IO$$                        
00003e89  CPUcpsie                       
00003b7f  GPIODirModeSet                 
00001d25  GPIOPadConfigSet               
0000357d  GPIOPinConfigure               
00003d31  GPIOPinTypeGPIOOutput          
00003d95  GPIOPinTypePWM                 
00003dab  GPIOPinTypeUART                
00003ef9  GPIOPinWrite                   
00003739  HOSTclose                      
00003049  HOSTlseek                      
00003315  HOSTopen                       
000033d1  HOSTread                       
00002fdd  HOSTrename                     
0000377d  HOSTunlink                     
00003429  HOSTwrite                      
000030b1  IntEnable                      
00003e4d  IntMasterEnable                
00003c51  IntPrioritySet                 
000039e9  IntRegister                    
00003c75  PWMGenConfigure                
00003e95  PWMGenEnable                   
00003e5d  PWMGenPeriodSet                
00003e29  PWMOutputState                 
00003cd9  PWMPulseWidthSet               
00003ead  ResetISR                       
00002229  SysCtlClockGet                 
00002761  SysCtlClockSet                 
00003eff  SysCtlDelay                    
00003dd9  SysCtlPWMClockSet              
00003a1d  SysCtlPeripheralEnable         
00003909  SysCtlPeripheralPresent        
00003941  SysCtlPeripheralReady          
00001473  UART1IntHandler                
00003eb9  UARTCharGet                    
00003ec3  UARTCharPut                    
00003e6d  UARTCharsAvail                 
000036f1  UARTConfigSetExpClk            
00003c99  UARTDisable                    
00003ded  UARTEnable                     
00003ecd  UARTFIFOEnable                 
00003f05  UARTFIFOLevelSet               
00003f0b  UARTIntClear                   
00003ee1  UARTIntEnable                  
00003d65  UARTIntRegister                
00003ed7  UARTIntStatus                  
00000cbd  UARTStdioConfig                
00000e0d  UARTgetc                       
00000d53  UARTgets                       
0000112f  UARTprintf                     
00000e35  UARTvprintf                    
00000d03  UARTwrite                      
000014f7  Wifi_Send_Cmd                  
20001060  __CIOBUF_                      
20000c60  __STACK_END                    
00000400  __STACK_SIZE                   
20000a60  __STACK_TOP                    
00000400  __SYSMEM_SIZE                  
00004308  __TI_CINIT_Base                
00004320  __TI_CINIT_Limit               
000042e8  __TI_Handler_Table_Base        
000042f4  __TI_Handler_Table_Limit       
000037c1  __TI_auto_init_nobinit_nopinit 
00003a51  __TI_cleanup                   
20000838  __TI_cleanup_ptr               
00002e89  __TI_closefile                 
00003119  __TI_decompress_lzss           
00003e7b  __TI_decompress_none           
000035c9  __TI_doflush                   
2000083c  __TI_dtors_ptr                 
20000840  __TI_enable_exit_profile_output
20000828  __TI_ft_end                    
000034d7  __TI_ltoa                      
ffffffff  __TI_pprof_out_hndl            
0000026d  __TI_printfi                   
ffffffff  __TI_prof_data_size            
ffffffff  __TI_prof_data_start           
00003a85  __TI_readmsg                   
00000000  __TI_static_base__             
20001180  __TI_tmpnams                   
00003979  __TI_writemsg                  
000032b1  __TI_wrt_ok                    
00003ea1  __TI_zero_init                 
00002c85  __aeabi_cdcmpeq                
00002c85  __aeabi_cdcmple                
00002d0b  __aeabi_cdrcmple               
000036a9  __aeabi_d2iz                   
00001b77  __aeabi_dadd                   
00001fcd  __aeabi_ddiv                   
00002665  __aeabi_dmul                   
00001b6d  __aeabi_dsub                   
00003ee9  __aeabi_errno_addr             
00003b51  __aeabi_i2d                    
00001d23  __aeabi_idiv0                  
00001d23  __aeabi_ldiv0                  
00002e0d  __aeabi_memclr                 
00002e0d  __aeabi_memclr4                
00002e0d  __aeabi_memclr8                
00002ac7  __aeabi_memcpy                 
00002ac7  __aeabi_memcpy4                
00002ac7  __aeabi_memcpy8                
00002e0f  __aeabi_memset                 
00002e0f  __aeabi_memset4                
00002e0f  __aeabi_memset8                
20000834  __aeabi_stderr                 
2000082c  __aeabi_stdin                  
20000830  __aeabi_stdout                 
00003889  __aeabi_uidiv                  
00003889  __aeabi_uidivmod               
00002b63  __aeabi_uldivmod               
ffffffff  __binit__                      
ffffffff  __c_args__                     
UNDEFED   __mpu_init                     
20000860  __stack                        
20000000  __start___llvm_prf_cnts        
20000000  __stop___llvm_prf_cnts         
00003ab9  _c_int00_noargs                
00003f20  _ctypes_                       
20000760  _device                        
20000670  _ftable                        
20000844  _lock                          
00000cbb  _nop                           
200007d8  _stream                        
20000c60  _sys_memory                    
UNDEFED   _system_post_cinit             
00003f17  _system_pre_init               
20000848  _unlock                        
00003f1b  abort                          
00002565  aligned_alloc                  
00003615  atoi                           
ffffffff  binit                          
00003375  close                          
00003d4b  copysign                       
00003d4b  copysignl                      
00002dab  delayMs                        
00002d91  delayUs                        
00001459  delay_ms                       
20001228  direction                      
2000085c  errno                          
00001561  esp8266Init                    
00003661  exit                           
00003b21  finddevice                     
00002bf9  fputc                          
00002341  fputs                          
00002855  free                           
000031e9  frexp                          
000031e9  frexpl                         
0000324d  fseek                          
20000000  g_pfnRAMVectors                
00000000  g_pfnVectors                   
00001661  getWASD                        
00003805  getdevice                      
2000122c  last_dir                       
00002455  ldexp                          
00002455  ldexpl                         
00003c01  lseek                          
00002dc7  main                           
00003ef1  malloc                         
00002565  memalign                       
00003d15  memccpy                        
00003cb9  memchr                         
00002ac7  memcpy                         
00002e15  memset                         
00001165  motor_init                     
000011fb  motor_state                    
000012d7  move                           
20001220  parmbuf                        
00003181  printf                         
00002bf9  putc                           
00003bad  remove                         
00002455  scalbn                         
00002455  scalbnl                        
00002939  setvbuf                        
00003dc1  strchr                         
00003d7d  strcmp                         
00003e01  strcpy                         
00003e15  strlen                         
000039b1  strncpy                        
00003aed  strstr                         
00003bad  unlink                         
00003e3b  wcslen                         
2000026c  wifidata                       
00003c29  write                          


GLOBAL SYMBOLS: SORTED BY Symbol Address 

address   name                           
-------   ----                           
00000000  __TI_static_base__             
00000000  g_pfnVectors                   
0000026d  __TI_printfi                   
00000400  __STACK_SIZE                   
00000400  __SYSMEM_SIZE                  
00000cbb  _nop                           
00000cbd  UARTStdioConfig                
00000d03  UARTwrite                      
00000d53  UARTgets                       
00000e0d  UARTgetc                       
00000e35  UARTvprintf                    
0000112f  UARTprintf                     
00001165  motor_init                     
000011fb  motor_state                    
000012d7  move                           
00001459  delay_ms                       
00001473  UART1IntHandler                
000014f7  Wifi_Send_Cmd                  
00001561  esp8266Init                    
00001661  getWASD                        
00001b6d  __aeabi_dsub                   
00001b77  __aeabi_dadd                   
00001d23  __aeabi_idiv0                  
00001d23  __aeabi_ldiv0                  
00001d25  GPIOPadConfigSet               
00001fcd  __aeabi_ddiv                   
00002229  SysCtlClockGet                 
00002341  fputs                          
00002455  ldexp                          
00002455  ldexpl                         
00002455  scalbn                         
00002455  scalbnl                        
00002565  aligned_alloc                  
00002565  memalign                       
00002665  __aeabi_dmul                   
00002761  SysCtlClockSet                 
00002855  free                           
00002939  setvbuf                        
00002ac7  __aeabi_memcpy                 
00002ac7  __aeabi_memcpy4                
00002ac7  __aeabi_memcpy8                
00002ac7  memcpy                         
00002b63  __aeabi_uldivmod               
00002bf9  fputc                          
00002bf9  putc                           
00002c85  __aeabi_cdcmpeq                
00002c85  __aeabi_cdcmple                
00002d0b  __aeabi_cdrcmple               
00002d91  delayUs                        
00002dab  delayMs                        
00002dc7  main                           
00002e0d  __aeabi_memclr                 
00002e0d  __aeabi_memclr4                
00002e0d  __aeabi_memclr8                
00002e0f  __aeabi_memset                 
00002e0f  __aeabi_memset4                
00002e0f  __aeabi_memset8                
00002e15  memset                         
00002e89  __TI_closefile                 
00002fdd  HOSTrename                     
00003049  HOSTlseek                      
000030b1  IntEnable                      
00003119  __TI_decompress_lzss           
00003181  printf                         
000031e9  frexp                          
000031e9  frexpl                         
0000324d  fseek                          
000032b1  __TI_wrt_ok                    
00003315  HOSTopen                       
00003375  close                          
000033d1  HOSTread                       
00003429  HOSTwrite                      
000034d7  __TI_ltoa                      
0000357d  GPIOPinConfigure               
000035c9  __TI_doflush                   
00003615  atoi                           
00003661  exit                           
000036a9  __aeabi_d2iz                   
000036f1  UARTConfigSetExpClk            
00003739  HOSTclose                      
0000377d  HOSTunlink                     
000037c1  __TI_auto_init_nobinit_nopinit 
00003805  getdevice                      
00003889  __aeabi_uidiv                  
00003889  __aeabi_uidivmod               
00003909  SysCtlPeripheralPresent        
00003941  SysCtlPeripheralReady          
00003979  __TI_writemsg                  
000039a7  C$$IO$$                        
000039b1  strncpy                        
000039e9  IntRegister                    
00003a1d  SysCtlPeripheralEnable         
00003a51  __TI_cleanup                   
00003a85  __TI_readmsg                   
00003ab9  _c_int00_noargs                
00003aed  strstr                         
00003b21  finddevice                     
00003b51  __aeabi_i2d                    
00003b7f  GPIODirModeSet                 
00003bad  remove                         
00003bad  unlink                         
00003c01  lseek                          
00003c29  write                          
00003c51  IntPrioritySet                 
00003c75  PWMGenConfigure                
00003c99  UARTDisable                    
00003cb9  memchr                         
00003cd9  PWMPulseWidthSet               
00003d15  memccpy                        
00003d31  GPIOPinTypeGPIOOutput          
00003d4b  copysign                       
00003d4b  copysignl                      
00003d65  UARTIntRegister                
00003d7d  strcmp                         
00003d95  GPIOPinTypePWM                 
00003dab  GPIOPinTypeUART                
00003dc1  strchr                         
00003dd9  SysCtlPWMClockSet              
00003ded  UARTEnable                     
00003e01  strcpy                         
00003e15  strlen                         
00003e29  PWMOutputState                 
00003e3b  wcslen                         
00003e4d  IntMasterEnable                
00003e5d  PWMGenPeriodSet                
00003e6d  UARTCharsAvail                 
00003e7b  __TI_decompress_none           
00003e89  CPUcpsie                       
00003e95  PWMGenEnable                   
00003ea1  __TI_zero_init                 
00003ead  ResetISR                       
00003eb9  UARTCharGet                    
00003ec3  UARTCharPut                    
00003ecd  UARTFIFOEnable                 
00003ed7  UARTIntStatus                  
00003ee1  UARTIntEnable                  
00003ee9  __aeabi_errno_addr             
00003ef1  malloc                         
00003ef9  GPIOPinWrite                   
00003eff  SysCtlDelay                    
00003f05  UARTFIFOLevelSet               
00003f0b  UARTIntClear                   
00003f17  _system_pre_init               
00003f1b  C$$EXIT                        
00003f1b  abort                          
00003f20  _ctypes_                       
000042e8  __TI_Handler_Table_Base        
000042f4  __TI_Handler_Table_Limit       
00004308  __TI_CINIT_Base                
00004320  __TI_CINIT_Limit               
20000000  __start___llvm_prf_cnts        
20000000  __stop___llvm_prf_cnts         
20000000  g_pfnRAMVectors                
2000026c  wifidata                       
20000670  _ftable                        
20000760  _device                        
200007d8  _stream                        
20000828  __TI_ft_end                    
2000082c  __aeabi_stdin                  
20000830  __aeabi_stdout                 
20000834  __aeabi_stderr                 
20000838  __TI_cleanup_ptr               
2000083c  __TI_dtors_ptr                 
20000840  __TI_enable_exit_profile_output
20000844  _lock                          
20000848  _unlock                        
2000085c  errno                          
20000860  __stack                        
20000a60  __STACK_TOP                    
20000c60  __STACK_END                    
20000c60  _sys_memory                    
20001060  __CIOBUF_                      
20001180  __TI_tmpnams                   
20001220  parmbuf                        
20001228  direction                      
2000122c  last_dir                       
ffffffff  __TI_pprof_out_hndl            
ffffffff  __TI_prof_data_size            
ffffffff  __TI_prof_data_start           
ffffffff  __binit__                      
ffffffff  __c_args__                     
ffffffff  binit                          
UNDEFED   __mpu_init                     
UNDEFED   _system_post_cinit             

[184 symbols]
