<?xml version="1.0" encoding="ISO-8859-1" ?>
<link_info>
   <banner>TI ARM Linker PC v20.2.7.LTS</banner>
   <copyright>Copyright (c) 1996-2018 Texas Instruments Incorporated</copyright>
   <link_time>0x6744aad8</link_time>
   <link_errors>0x0</link_errors>
   <output_file>car.out</output_file>
   <entry_point>
      <name>_c_int00_noargs</name>
      <address>0x3ab9</address>
   </entry_point>
   <input_file_list>
      <input_file id="fl-2">
         <path>.\</path>
         <kind>object</kind>
         <file>WIFI.obj</file>
         <name>WIFI.obj</name>
      </input_file>
      <input_file id="fl-3">
         <path>.\</path>
         <kind>object</kind>
         <file>main.obj</file>
         <name>main.obj</name>
      </input_file>
      <input_file id="fl-4">
         <path>.\</path>
         <kind>object</kind>
         <file>motor.obj</file>
         <name>motor.obj</name>
      </input_file>
      <input_file id="fl-5">
         <path>.\</path>
         <kind>object</kind>
         <file>tm4c123gh6pm_startup_ccs.obj</file>
         <name>tm4c123gh6pm_startup_ccs.obj</name>
      </input_file>
      <input_file id="fl-6">
         <path>.\</path>
         <kind>object</kind>
         <file>uartstdio.obj</file>
         <name>uartstdio.obj</name>
      </input_file>
      <input_file id="fl-7">
         <path>.\</path>
         <kind>object</kind>
         <file>ustdlib.obj</file>
         <name>ustdlib.obj</name>
      </input_file>
      <input_file id="fl-c">
         <kind>object</kind>
         <file>&lt;internal&gt;</file>
         <name>&lt;internal&gt;</name>
      </input_file>
      <input_file id="fl-c2">
         <path>D:\enbeded\ti\ccs\ccs\tools\compiler\ti-cgt-arm_20.2.7.LTS\lib\</path>
         <kind>archive</kind>
         <file>rtsv7M4_T_le_v4SPD16_eabi.lib</file>
         <name>printf.c.obj</name>
      </input_file>
      <input_file id="fl-c3">
         <path>D:\enbeded\ti\ccs\ccs\tools\compiler\ti-cgt-arm_20.2.7.LTS\lib\</path>
         <kind>archive</kind>
         <file>rtsv7M4_T_le_v4SPD16_eabi.lib</file>
         <name>_printfi.c.obj</name>
      </input_file>
      <input_file id="fl-c4">
         <path>D:\enbeded\ti\ccs\ccs\tools\compiler\ti-cgt-arm_20.2.7.LTS\lib\</path>
         <kind>archive</kind>
         <file>rtsv7M4_T_le_v4SPD16_eabi.lib</file>
         <name>fputc.c.obj</name>
      </input_file>
      <input_file id="fl-c5">
         <path>D:\enbeded\ti\ccs\ccs\tools\compiler\ti-cgt-arm_20.2.7.LTS\lib\</path>
         <kind>archive</kind>
         <file>rtsv7M4_T_le_v4SPD16_eabi.lib</file>
         <name>fputs.c.obj</name>
      </input_file>
      <input_file id="fl-c6">
         <path>D:\enbeded\ti\ccs\ccs\tools\compiler\ti-cgt-arm_20.2.7.LTS\lib\</path>
         <kind>archive</kind>
         <file>rtsv7M4_T_le_v4SPD16_eabi.lib</file>
         <name>_io_perm.c.obj</name>
      </input_file>
      <input_file id="fl-c7">
         <path>D:\enbeded\ti\ccs\ccs\tools\compiler\ti-cgt-arm_20.2.7.LTS\lib\</path>
         <kind>archive</kind>
         <file>rtsv7M4_T_le_v4SPD16_eabi.lib</file>
         <name>setvbuf.c.obj</name>
      </input_file>
      <input_file id="fl-c8">
         <path>D:\enbeded\ti\ccs\ccs\tools\compiler\ti-cgt-arm_20.2.7.LTS\lib\</path>
         <kind>archive</kind>
         <file>rtsv7M4_T_le_v4SPD16_eabi.lib</file>
         <name>fd_add_t2.asm.obj</name>
      </input_file>
      <input_file id="fl-c9">
         <path>D:\enbeded\ti\ccs\ccs\tools\compiler\ti-cgt-arm_20.2.7.LTS\lib\</path>
         <kind>archive</kind>
         <file>rtsv7M4_T_le_v4SPD16_eabi.lib</file>
         <name>fd_cmp_t2.asm.obj</name>
      </input_file>
      <input_file id="fl-ca">
         <path>D:\enbeded\ti\ccs\ccs\tools\compiler\ti-cgt-arm_20.2.7.LTS\lib\</path>
         <kind>archive</kind>
         <file>rtsv7M4_T_le_v4SPD16_eabi.lib</file>
         <name>fd_div_t2.asm.obj</name>
      </input_file>
      <input_file id="fl-cb">
         <path>D:\enbeded\ti\ccs\ccs\tools\compiler\ti-cgt-arm_20.2.7.LTS\lib\</path>
         <kind>archive</kind>
         <file>rtsv7M4_T_le_v4SPD16_eabi.lib</file>
         <name>fd_mul_t2.asm.obj</name>
      </input_file>
      <input_file id="fl-cc">
         <path>D:\enbeded\ti\ccs\ccs\tools\compiler\ti-cgt-arm_20.2.7.LTS\lib\</path>
         <kind>archive</kind>
         <file>rtsv7M4_T_le_v4SPD16_eabi.lib</file>
         <name>fd_toi_t2.asm.obj</name>
      </input_file>
      <input_file id="fl-cd">
         <path>D:\enbeded\ti\ccs\ccs\tools\compiler\ti-cgt-arm_20.2.7.LTS\lib\</path>
         <kind>archive</kind>
         <file>rtsv7M4_T_le_v4SPD16_eabi.lib</file>
         <name>i_tofd_t2.asm.obj</name>
      </input_file>
      <input_file id="fl-ce">
         <path>D:\enbeded\ti\ccs\ccs\tools\compiler\ti-cgt-arm_20.2.7.LTS\lib\</path>
         <kind>archive</kind>
         <file>rtsv7M4_T_le_v4SPD16_eabi.lib</file>
         <name>memcpy_t2.asm.obj</name>
      </input_file>
      <input_file id="fl-cf">
         <path>D:\enbeded\ti\ccs\ccs\tools\compiler\ti-cgt-arm_20.2.7.LTS\lib\</path>
         <kind>archive</kind>
         <file>rtsv7M4_T_le_v4SPD16_eabi.lib</file>
         <name>memset_t2.asm.obj</name>
      </input_file>
      <input_file id="fl-d0">
         <path>D:\enbeded\ti\ccs\ccs\tools\compiler\ti-cgt-arm_20.2.7.LTS\lib\</path>
         <kind>archive</kind>
         <file>rtsv7M4_T_le_v4SPD16_eabi.lib</file>
         <name>u_divt2.asm.obj</name>
      </input_file>
      <input_file id="fl-d1">
         <path>D:\enbeded\ti\ccs\ccs\tools\compiler\ti-cgt-arm_20.2.7.LTS\lib\</path>
         <kind>archive</kind>
         <file>rtsv7M4_T_le_v4SPD16_eabi.lib</file>
         <name>ull_div_t2.asm.obj</name>
      </input_file>
      <input_file id="fl-d2">
         <path>D:\enbeded\ti\ccs\ccs\tools\compiler\ti-cgt-arm_20.2.7.LTS\lib\</path>
         <kind>archive</kind>
         <file>rtsv7M4_T_le_v4SPD16_eabi.lib</file>
         <name>copy_zero_init.c.obj</name>
      </input_file>
      <input_file id="fl-d3">
         <path>D:\enbeded\ti\ccs\ccs\tools\compiler\ti-cgt-arm_20.2.7.LTS\lib\</path>
         <kind>archive</kind>
         <file>rtsv7M4_T_le_v4SPD16_eabi.lib</file>
         <name>copy_decompress_none.c.obj</name>
      </input_file>
      <input_file id="fl-d4">
         <path>D:\enbeded\ti\ccs\ccs\tools\compiler\ti-cgt-arm_20.2.7.LTS\lib\</path>
         <kind>archive</kind>
         <file>rtsv7M4_T_le_v4SPD16_eabi.lib</file>
         <name>copy_decompress_lzss.c.obj</name>
      </input_file>
      <input_file id="fl-d5">
         <path>D:\enbeded\ti\ccs\ccs\tools\compiler\ti-cgt-arm_20.2.7.LTS\lib\</path>
         <kind>archive</kind>
         <file>rtsv7M4_T_le_v4SPD16_eabi.lib</file>
         <name>exit.c.obj</name>
      </input_file>
      <input_file id="fl-d6">
         <path>D:\enbeded\ti\ccs\ccs\tools\compiler\ti-cgt-arm_20.2.7.LTS\lib\</path>
         <kind>archive</kind>
         <file>rtsv7M4_T_le_v4SPD16_eabi.lib</file>
         <name>_lock.c.obj</name>
      </input_file>
      <input_file id="fl-d7">
         <path>D:\enbeded\ti\ccs\ccs\tools\compiler\ti-cgt-arm_20.2.7.LTS\lib\</path>
         <kind>archive</kind>
         <file>rtsv7M4_T_le_v4SPD16_eabi.lib</file>
         <name>_ltoa.c.obj</name>
      </input_file>
      <input_file id="fl-d8">
         <path>D:\enbeded\ti\ccs\ccs\tools\compiler\ti-cgt-arm_20.2.7.LTS\lib\</path>
         <kind>archive</kind>
         <file>rtsv7M4_T_le_v4SPD16_eabi.lib</file>
         <name>atoi.c.obj</name>
      </input_file>
      <input_file id="fl-d9">
         <path>D:\enbeded\ti\ccs\ccs\tools\compiler\ti-cgt-arm_20.2.7.LTS\lib\</path>
         <kind>archive</kind>
         <file>rtsv7M4_T_le_v4SPD16_eabi.lib</file>
         <name>ctype.c.obj</name>
      </input_file>
      <input_file id="fl-da">
         <path>D:\enbeded\ti\ccs\ccs\tools\compiler\ti-cgt-arm_20.2.7.LTS\lib\</path>
         <kind>archive</kind>
         <file>rtsv7M4_T_le_v4SPD16_eabi.lib</file>
         <name>defs.c.obj</name>
      </input_file>
      <input_file id="fl-db">
         <path>D:\enbeded\ti\ccs\ccs\tools\compiler\ti-cgt-arm_20.2.7.LTS\lib\</path>
         <kind>archive</kind>
         <file>rtsv7M4_T_le_v4SPD16_eabi.lib</file>
         <name>memccpy.c.obj</name>
      </input_file>
      <input_file id="fl-dc">
         <path>D:\enbeded\ti\ccs\ccs\tools\compiler\ti-cgt-arm_20.2.7.LTS\lib\</path>
         <kind>archive</kind>
         <file>rtsv7M4_T_le_v4SPD16_eabi.lib</file>
         <name>memchr.c.obj</name>
      </input_file>
      <input_file id="fl-dd">
         <path>D:\enbeded\ti\ccs\ccs\tools\compiler\ti-cgt-arm_20.2.7.LTS\lib\</path>
         <kind>archive</kind>
         <file>rtsv7M4_T_le_v4SPD16_eabi.lib</file>
         <name>memory.c.obj</name>
      </input_file>
      <input_file id="fl-de">
         <path>D:\enbeded\ti\ccs\ccs\tools\compiler\ti-cgt-arm_20.2.7.LTS\lib\</path>
         <kind>archive</kind>
         <file>rtsv7M4_T_le_v4SPD16_eabi.lib</file>
         <name>strchr.c.obj</name>
      </input_file>
      <input_file id="fl-df">
         <path>D:\enbeded\ti\ccs\ccs\tools\compiler\ti-cgt-arm_20.2.7.LTS\lib\</path>
         <kind>archive</kind>
         <file>rtsv7M4_T_le_v4SPD16_eabi.lib</file>
         <name>strcmp.c.obj</name>
      </input_file>
      <input_file id="fl-e0">
         <path>D:\enbeded\ti\ccs\ccs\tools\compiler\ti-cgt-arm_20.2.7.LTS\lib\</path>
         <kind>archive</kind>
         <file>rtsv7M4_T_le_v4SPD16_eabi.lib</file>
         <name>strlen.c.obj</name>
      </input_file>
      <input_file id="fl-e1">
         <path>D:\enbeded\ti\ccs\ccs\tools\compiler\ti-cgt-arm_20.2.7.LTS\lib\</path>
         <kind>archive</kind>
         <file>rtsv7M4_T_le_v4SPD16_eabi.lib</file>
         <name>strstr.c.obj</name>
      </input_file>
      <input_file id="fl-e2">
         <path>D:\enbeded\ti\ccs\ccs\tools\compiler\ti-cgt-arm_20.2.7.LTS\lib\</path>
         <kind>archive</kind>
         <file>rtsv7M4_T_le_v4SPD16_eabi.lib</file>
         <name>boot_cortex_m.c.obj</name>
      </input_file>
      <input_file id="fl-e3">
         <path>D:\enbeded\ti\ccs\ccs\tools\compiler\ti-cgt-arm_20.2.7.LTS\lib\</path>
         <kind>archive</kind>
         <file>rtsv7M4_T_le_v4SPD16_eabi.lib</file>
         <name>write.c.obj</name>
      </input_file>
      <input_file id="fl-e4">
         <path>D:\enbeded\ti\ccs\ccs\tools\compiler\ti-cgt-arm_20.2.7.LTS\lib\</path>
         <kind>archive</kind>
         <file>rtsv7M4_T_le_v4SPD16_eabi.lib</file>
         <name>host_device.c.obj</name>
      </input_file>
      <input_file id="fl-e5">
         <path>D:\enbeded\ti\ccs\ccs\tools\compiler\ti-cgt-arm_20.2.7.LTS\lib\</path>
         <kind>archive</kind>
         <file>rtsv7M4_T_le_v4SPD16_eabi.lib</file>
         <name>errno.c.obj</name>
      </input_file>
      <input_file id="fl-e6">
         <path>D:\enbeded\ti\ccs\ccs\tools\compiler\ti-cgt-arm_20.2.7.LTS\lib\</path>
         <kind>archive</kind>
         <file>rtsv7M4_T_le_v4SPD16_eabi.lib</file>
         <name>wcslen.c.obj</name>
      </input_file>
      <input_file id="fl-e7">
         <path>D:\enbeded\ti\ccs\ccs\tools\compiler\ti-cgt-arm_20.2.7.LTS\lib\</path>
         <kind>archive</kind>
         <file>rtsv7M4_T_le_v4SPD16_eabi.lib</file>
         <name>s_frexp.c.obj</name>
      </input_file>
      <input_file id="fl-e8">
         <path>D:\enbeded\ti\ccs\ccs\tools\compiler\ti-cgt-arm_20.2.7.LTS\lib\</path>
         <kind>archive</kind>
         <file>rtsv7M4_T_le_v4SPD16_eabi.lib</file>
         <name>s_scalbn.c.obj</name>
      </input_file>
      <input_file id="fl-e9">
         <path>D:\enbeded\ti\ccs\ccs\tools\compiler\ti-cgt-arm_20.2.7.LTS\lib\</path>
         <kind>archive</kind>
         <file>rtsv7M4_T_le_v4SPD16_eabi.lib</file>
         <name>fflush.c.obj</name>
      </input_file>
      <input_file id="fl-ea">
         <path>D:\enbeded\ti\ccs\ccs\tools\compiler\ti-cgt-arm_20.2.7.LTS\lib\</path>
         <kind>archive</kind>
         <file>rtsv7M4_T_le_v4SPD16_eabi.lib</file>
         <name>fopen.c.obj</name>
      </input_file>
      <input_file id="fl-eb">
         <path>D:\enbeded\ti\ccs\ccs\tools\compiler\ti-cgt-arm_20.2.7.LTS\lib\</path>
         <kind>archive</kind>
         <file>rtsv7M4_T_le_v4SPD16_eabi.lib</file>
         <name>fseek.c.obj</name>
      </input_file>
      <input_file id="fl-ec">
         <path>D:\enbeded\ti\ccs\ccs\tools\compiler\ti-cgt-arm_20.2.7.LTS\lib\</path>
         <kind>archive</kind>
         <file>rtsv7M4_T_le_v4SPD16_eabi.lib</file>
         <name>div0.asm.obj</name>
      </input_file>
      <input_file id="fl-ed">
         <path>D:\enbeded\ti\ccs\ccs\tools\compiler\ti-cgt-arm_20.2.7.LTS\lib\</path>
         <kind>archive</kind>
         <file>rtsv7M4_T_le_v4SPD16_eabi.lib</file>
         <name>autoinit.c.obj</name>
      </input_file>
      <input_file id="fl-ee">
         <path>D:\enbeded\ti\ccs\ccs\tools\compiler\ti-cgt-arm_20.2.7.LTS\lib\</path>
         <kind>archive</kind>
         <file>rtsv7M4_T_le_v4SPD16_eabi.lib</file>
         <name>pre_init.c.obj</name>
      </input_file>
      <input_file id="fl-ef">
         <path>D:\enbeded\ti\ccs\ccs\tools\compiler\ti-cgt-arm_20.2.7.LTS\lib\</path>
         <kind>archive</kind>
         <file>rtsv7M4_T_le_v4SPD16_eabi.lib</file>
         <name>cpy_tbl.c.obj</name>
      </input_file>
      <input_file id="fl-f0">
         <path>D:\enbeded\ti\ccs\ccs\tools\compiler\ti-cgt-arm_20.2.7.LTS\lib\</path>
         <kind>archive</kind>
         <file>rtsv7M4_T_le_v4SPD16_eabi.lib</file>
         <name>args_main.c.obj</name>
      </input_file>
      <input_file id="fl-f1">
         <path>D:\enbeded\ti\ccs\ccs\tools\compiler\ti-cgt-arm_20.2.7.LTS\lib\</path>
         <kind>archive</kind>
         <file>rtsv7M4_T_le_v4SPD16_eabi.lib</file>
         <name>hostclose.c.obj</name>
      </input_file>
      <input_file id="fl-f2">
         <path>D:\enbeded\ti\ccs\ccs\tools\compiler\ti-cgt-arm_20.2.7.LTS\lib\</path>
         <kind>archive</kind>
         <file>rtsv7M4_T_le_v4SPD16_eabi.lib</file>
         <name>hostlseek.c.obj</name>
      </input_file>
      <input_file id="fl-f3">
         <path>D:\enbeded\ti\ccs\ccs\tools\compiler\ti-cgt-arm_20.2.7.LTS\lib\</path>
         <kind>archive</kind>
         <file>rtsv7M4_T_le_v4SPD16_eabi.lib</file>
         <name>hostopen.c.obj</name>
      </input_file>
      <input_file id="fl-f4">
         <path>D:\enbeded\ti\ccs\ccs\tools\compiler\ti-cgt-arm_20.2.7.LTS\lib\</path>
         <kind>archive</kind>
         <file>rtsv7M4_T_le_v4SPD16_eabi.lib</file>
         <name>hostread.c.obj</name>
      </input_file>
      <input_file id="fl-f5">
         <path>D:\enbeded\ti\ccs\ccs\tools\compiler\ti-cgt-arm_20.2.7.LTS\lib\</path>
         <kind>archive</kind>
         <file>rtsv7M4_T_le_v4SPD16_eabi.lib</file>
         <name>hostrename.c.obj</name>
      </input_file>
      <input_file id="fl-f6">
         <path>D:\enbeded\ti\ccs\ccs\tools\compiler\ti-cgt-arm_20.2.7.LTS\lib\</path>
         <kind>archive</kind>
         <file>rtsv7M4_T_le_v4SPD16_eabi.lib</file>
         <name>hostunlink.c.obj</name>
      </input_file>
      <input_file id="fl-f7">
         <path>D:\enbeded\ti\ccs\ccs\tools\compiler\ti-cgt-arm_20.2.7.LTS\lib\</path>
         <kind>archive</kind>
         <file>rtsv7M4_T_le_v4SPD16_eabi.lib</file>
         <name>hostwrite.c.obj</name>
      </input_file>
      <input_file id="fl-f8">
         <path>D:\enbeded\ti\ccs\ccs\tools\compiler\ti-cgt-arm_20.2.7.LTS\lib\</path>
         <kind>archive</kind>
         <file>rtsv7M4_T_le_v4SPD16_eabi.lib</file>
         <name>trgmsg.c.obj</name>
      </input_file>
      <input_file id="fl-f9">
         <path>D:\enbeded\ti\ccs\ccs\tools\compiler\ti-cgt-arm_20.2.7.LTS\lib\</path>
         <kind>archive</kind>
         <file>rtsv7M4_T_le_v4SPD16_eabi.lib</file>
         <name>open.c.obj</name>
      </input_file>
      <input_file id="fl-fa">
         <path>D:\enbeded\ti\ccs\ccs\tools\compiler\ti-cgt-arm_20.2.7.LTS\lib\</path>
         <kind>archive</kind>
         <file>rtsv7M4_T_le_v4SPD16_eabi.lib</file>
         <name>lseek.c.obj</name>
      </input_file>
      <input_file id="fl-fb">
         <path>D:\enbeded\ti\ccs\ccs\tools\compiler\ti-cgt-arm_20.2.7.LTS\lib\</path>
         <kind>archive</kind>
         <file>rtsv7M4_T_le_v4SPD16_eabi.lib</file>
         <name>s_copysign.c.obj</name>
      </input_file>
      <input_file id="fl-fc">
         <path>D:\enbeded\ti\ccs\ccs\tools\compiler\ti-cgt-arm_20.2.7.LTS\lib\</path>
         <kind>archive</kind>
         <file>rtsv7M4_T_le_v4SPD16_eabi.lib</file>
         <name>fclose.c.obj</name>
      </input_file>
      <input_file id="fl-fd">
         <path>D:\enbeded\ti\ccs\ccs\tools\compiler\ti-cgt-arm_20.2.7.LTS\lib\</path>
         <kind>archive</kind>
         <file>rtsv7M4_T_le_v4SPD16_eabi.lib</file>
         <name>getdevice.c.obj</name>
      </input_file>
      <input_file id="fl-fe">
         <path>D:\enbeded\ti\ccs\ccs\tools\compiler\ti-cgt-arm_20.2.7.LTS\lib\</path>
         <kind>archive</kind>
         <file>rtsv7M4_T_le_v4SPD16_eabi.lib</file>
         <name>strcpy.c.obj</name>
      </input_file>
      <input_file id="fl-ff">
         <path>D:\enbeded\ti\ccs\ccs\tools\compiler\ti-cgt-arm_20.2.7.LTS\lib\</path>
         <kind>archive</kind>
         <file>rtsv7M4_T_le_v4SPD16_eabi.lib</file>
         <name>strncpy.c.obj</name>
      </input_file>
      <input_file id="fl-100">
         <path>D:\enbeded\ti\ccs\ccs\tools\compiler\ti-cgt-arm_20.2.7.LTS\lib\</path>
         <kind>archive</kind>
         <file>rtsv7M4_T_le_v4SPD16_eabi.lib</file>
         <name>remove.c.obj</name>
      </input_file>
      <input_file id="fl-101">
         <path>D:\enbeded\ti\ccs\ccs\tools\compiler\ti-cgt-arm_20.2.7.LTS\lib\</path>
         <kind>archive</kind>
         <file>rtsv7M4_T_le_v4SPD16_eabi.lib</file>
         <name>close.c.obj</name>
      </input_file>
      <input_file id="fl-102">
         <path>D:\enbeded\ti\ccs\ccs\tools\compiler\ti-cgt-arm_20.2.7.LTS\lib\</path>
         <kind>archive</kind>
         <file>rtsv7M4_T_le_v4SPD16_eabi.lib</file>
         <name>unlink.c.obj</name>
      </input_file>
      <input_file id="fl-103">
         <path>D:\enbeded\TivaWare_C_Series\driverlib\ccs\Debug\</path>
         <kind>archive</kind>
         <file>driverlib.lib</file>
         <name>gpio.obj</name>
      </input_file>
      <input_file id="fl-104">
         <path>D:\enbeded\TivaWare_C_Series\driverlib\ccs\Debug\</path>
         <kind>archive</kind>
         <file>driverlib.lib</file>
         <name>interrupt.obj</name>
      </input_file>
      <input_file id="fl-105">
         <path>D:\enbeded\TivaWare_C_Series\driverlib\ccs\Debug\</path>
         <kind>archive</kind>
         <file>driverlib.lib</file>
         <name>pwm.obj</name>
      </input_file>
      <input_file id="fl-106">
         <path>D:\enbeded\TivaWare_C_Series\driverlib\ccs\Debug\</path>
         <kind>archive</kind>
         <file>driverlib.lib</file>
         <name>sysctl.obj</name>
      </input_file>
      <input_file id="fl-107">
         <path>D:\enbeded\TivaWare_C_Series\driverlib\ccs\Debug\</path>
         <kind>archive</kind>
         <file>driverlib.lib</file>
         <name>uart.obj</name>
      </input_file>
      <input_file id="fl-108">
         <path>D:\enbeded\TivaWare_C_Series\driverlib\ccs\Debug\</path>
         <kind>archive</kind>
         <file>driverlib.lib</file>
         <name>cpu.obj</name>
      </input_file>
   </input_file_list>
   <object_component_list>
      <object_component id="oc-12">
         <name>.intvecs</name>
         <load_address>0x0</load_address>
         <run_address>0x0</run_address>
         <size>0x26c</size>
         <input_file_ref idref="fl-5"/>
      </object_component>
      <object_component id="oc-1fe">
         <name>.text:__TI_printfi</name>
         <load_address>0x26c</load_address>
         <run_address>0x26c</run_address>
         <size>0xa4e</size>
         <input_file_ref idref="fl-c3"/>
      </object_component>
      <object_component id="oc-31c">
         <name>.text:_nop</name>
         <load_address>0xcba</load_address>
         <run_address>0xcba</run_address>
         <size>0x2</size>
         <input_file_ref idref="fl-d6"/>
      </object_component>
      <object_component id="oc-1a6">
         <name>.text</name>
         <load_address>0xcbc</load_address>
         <run_address>0xcbc</run_address>
         <size>0x4a8</size>
         <input_file_ref idref="fl-6"/>
      </object_component>
      <object_component id="oc-e9">
         <name>.text</name>
         <load_address>0x1164</load_address>
         <run_address>0x1164</run_address>
         <size>0x2f4</size>
         <input_file_ref idref="fl-4"/>
      </object_component>
      <object_component id="oc-ef">
         <name>.text</name>
         <load_address>0x1458</load_address>
         <run_address>0x1458</run_address>
         <size>0x2d4</size>
         <input_file_ref idref="fl-2"/>
      </object_component>
      <object_component id="oc-2f8">
         <name>.text:_pconv_a</name>
         <load_address>0x172c</load_address>
         <run_address>0x172c</run_address>
         <size>0x270</size>
         <input_file_ref idref="fl-c3"/>
      </object_component>
      <object_component id="oc-2e6">
         <name>.text:_pconv_g</name>
         <load_address>0x199c</load_address>
         <run_address>0x199c</run_address>
         <size>0x1d0</size>
         <input_file_ref idref="fl-c3"/>
      </object_component>
      <object_component id="oc-3b8">
         <name>.text</name>
         <load_address>0x1b6c</load_address>
         <run_address>0x1b6c</run_address>
         <size>0x1b6</size>
         <input_file_ref idref="fl-c8"/>
      </object_component>
      <object_component id="oc-36b">
         <name>.text</name>
         <load_address>0x1d22</load_address>
         <run_address>0x1d22</run_address>
         <size>0x2</size>
         <input_file_ref idref="fl-ec"/>
      </object_component>
      <object_component id="oc-260">
         <name>.text:GPIOPadConfigSet</name>
         <load_address>0x1d24</load_address>
         <run_address>0x1d24</run_address>
         <size>0x16c</size>
         <input_file_ref idref="fl-103"/>
      </object_component>
      <object_component id="oc-2f2">
         <name>.text:_pconv_e</name>
         <load_address>0x1e90</load_address>
         <run_address>0x1e90</run_address>
         <size>0x13c</size>
         <input_file_ref idref="fl-c3"/>
      </object_component>
      <object_component id="oc-39e">
         <name>.text</name>
         <load_address>0x1fcc</load_address>
         <run_address>0x1fcc</run_address>
         <size>0x136</size>
         <input_file_ref idref="fl-ca"/>
      </object_component>
      <object_component id="oc-3ca">
         <name>.text:fcvt</name>
         <load_address>0x2104</load_address>
         <run_address>0x2104</run_address>
         <size>0x124</size>
         <input_file_ref idref="fl-c3"/>
      </object_component>
      <object_component id="oc-dc">
         <name>.text:SysCtlClockGet</name>
         <load_address>0x2228</load_address>
         <run_address>0x2228</run_address>
         <size>0x118</size>
         <input_file_ref idref="fl-106"/>
      </object_component>
      <object_component id="oc-32a">
         <name>.text:fputs</name>
         <load_address>0x2340</load_address>
         <run_address>0x2340</run_address>
         <size>0x114</size>
         <input_file_ref idref="fl-c5"/>
      </object_component>
      <object_component id="oc-3de">
         <name>.text:scalbn</name>
         <load_address>0x2454</load_address>
         <run_address>0x2454</run_address>
         <size>0x110</size>
         <input_file_ref idref="fl-e8"/>
      </object_component>
      <object_component id="oc-4ea">
         <name>.text:aligned_alloc</name>
         <load_address>0x2564</load_address>
         <run_address>0x2564</run_address>
         <size>0x100</size>
         <input_file_ref idref="fl-dd"/>
      </object_component>
      <object_component id="oc-399">
         <name>.text</name>
         <load_address>0x2664</load_address>
         <run_address>0x2664</run_address>
         <size>0xfc</size>
         <input_file_ref idref="fl-cb"/>
      </object_component>
      <object_component id="oc-e3">
         <name>.text:SysCtlClockSet</name>
         <load_address>0x2760</load_address>
         <run_address>0x2760</run_address>
         <size>0xf4</size>
         <input_file_ref idref="fl-106"/>
      </object_component>
      <object_component id="oc-4a8">
         <name>.text:free</name>
         <load_address>0x2854</load_address>
         <run_address>0x2854</run_address>
         <size>0xe4</size>
         <input_file_ref idref="fl-dd"/>
      </object_component>
      <object_component id="oc-47b">
         <name>.text:setvbuf</name>
         <load_address>0x2938</load_address>
         <run_address>0x2938</run_address>
         <size>0xdc</size>
         <input_file_ref idref="fl-c7"/>
      </object_component>
      <object_component id="oc-2db">
         <name>.text:_ltostr</name>
         <load_address>0x2a14</load_address>
         <run_address>0x2a14</run_address>
         <size>0xb1</size>
         <input_file_ref idref="fl-c3"/>
      </object_component>
      <object_component id="oc-3e">
         <name>.text</name>
         <load_address>0x2ac6</load_address>
         <run_address>0x2ac6</run_address>
         <size>0x9c</size>
         <input_file_ref idref="fl-ce"/>
      </object_component>
      <object_component id="oc-392">
         <name>.text</name>
         <load_address>0x2b62</load_address>
         <run_address>0x2b62</run_address>
         <size>0x96</size>
         <input_file_ref idref="fl-d1"/>
      </object_component>
      <object_component id="oc-331">
         <name>.text:fputc</name>
         <load_address>0x2bf8</load_address>
         <run_address>0x2bf8</run_address>
         <size>0x8c</size>
         <input_file_ref idref="fl-c4"/>
      </object_component>
      <object_component id="oc-2e1">
         <name>.text:__aeabi_cdcmple</name>
         <load_address>0x2c84</load_address>
         <run_address>0x2c84</run_address>
         <size>0x86</size>
         <input_file_ref idref="fl-c9"/>
      </object_component>
      <object_component id="oc-3a3">
         <name>.text:__aeabi_cdrcmple</name>
         <load_address>0x2d0a</load_address>
         <run_address>0x2d0a</run_address>
         <size>0x86</size>
         <input_file_ref idref="fl-c9"/>
      </object_component>
      <object_component id="oc-a2">
         <name>.text</name>
         <load_address>0x2d90</load_address>
         <run_address>0x2d90</run_address>
         <size>0x7c</size>
         <input_file_ref idref="fl-3"/>
      </object_component>
      <object_component id="oc-96">
         <name>.text</name>
         <load_address>0x2e0c</load_address>
         <run_address>0x2e0c</run_address>
         <size>0x7a</size>
         <input_file_ref idref="fl-cf"/>
      </object_component>
      <object_component id="oc-4f1">
         <name>.text:__TI_closefile</name>
         <load_address>0x2e88</load_address>
         <run_address>0x2e88</run_address>
         <size>0x74</size>
         <input_file_ref idref="fl-fc"/>
      </object_component>
      <object_component id="oc-532">
         <name>.text:split</name>
         <load_address>0x2efc</load_address>
         <run_address>0x2efc</run_address>
         <size>0x70</size>
         <input_file_ref idref="fl-dd"/>
      </object_component>
      <object_component id="oc-3c3">
         <name>.text:_mcpy</name>
         <load_address>0x2f6c</load_address>
         <run_address>0x2f6c</run_address>
         <size>0x6e</size>
         <input_file_ref idref="fl-c3"/>
      </object_component>
      <object_component id="oc-521">
         <name>.text:HOSTrename</name>
         <load_address>0x2fdc</load_address>
         <run_address>0x2fdc</run_address>
         <size>0x6c</size>
         <input_file_ref idref="fl-f5"/>
      </object_component>
      <object_component id="oc-515">
         <name>.text:HOSTlseek</name>
         <load_address>0x3048</load_address>
         <run_address>0x3048</run_address>
         <size>0x68</size>
         <input_file_ref idref="fl-f2"/>
      </object_component>
      <object_component id="oc-1e2">
         <name>.text:IntEnable</name>
         <load_address>0x30b0</load_address>
         <run_address>0x30b0</run_address>
         <size>0x68</size>
         <input_file_ref idref="fl-104"/>
      </object_component>
      <object_component id="oc-15">
         <name>.text:decompress:lzss:__TI_decompress_lzss</name>
         <load_address>0x3118</load_address>
         <run_address>0x3118</run_address>
         <size>0x68</size>
         <input_file_ref idref="fl-d4"/>
      </object_component>
      <object_component id="oc-f5">
         <name>.text:printf</name>
         <load_address>0x3180</load_address>
         <run_address>0x3180</run_address>
         <size>0x68</size>
         <input_file_ref idref="fl-c2"/>
      </object_component>
      <object_component id="oc-3d8">
         <name>.text:frexp</name>
         <load_address>0x31e8</load_address>
         <run_address>0x31e8</run_address>
         <size>0x64</size>
         <input_file_ref idref="fl-e7"/>
      </object_component>
      <object_component id="oc-475">
         <name>.text:fseek</name>
         <load_address>0x324c</load_address>
         <run_address>0x324c</run_address>
         <size>0x64</size>
         <input_file_ref idref="fl-eb"/>
      </object_component>
      <object_component id="oc-40f">
         <name>.text:__TI_wrt_ok</name>
         <load_address>0x32b0</load_address>
         <run_address>0x32b0</run_address>
         <size>0x62</size>
         <input_file_ref idref="fl-c6"/>
      </object_component>
      <object_component id="oc-4fd">
         <name>.text:HOSTopen</name>
         <load_address>0x3314</load_address>
         <run_address>0x3314</run_address>
         <size>0x60</size>
         <input_file_ref idref="fl-f3"/>
      </object_component>
      <object_component id="oc-539">
         <name>.text:close</name>
         <load_address>0x3374</load_address>
         <run_address>0x3374</run_address>
         <size>0x5c</size>
         <input_file_ref idref="fl-101"/>
      </object_component>
      <object_component id="oc-509">
         <name>.text:HOSTread</name>
         <load_address>0x33d0</load_address>
         <run_address>0x33d0</run_address>
         <size>0x58</size>
         <input_file_ref idref="fl-f4"/>
      </object_component>
      <object_component id="oc-50f">
         <name>.text:HOSTwrite</name>
         <load_address>0x3428</load_address>
         <run_address>0x3428</run_address>
         <size>0x58</size>
         <input_file_ref idref="fl-f7"/>
      </object_component>
      <object_component id="oc-2ec">
         <name>.text:_pconv_f</name>
         <load_address>0x3480</load_address>
         <run_address>0x3480</run_address>
         <size>0x56</size>
         <input_file_ref idref="fl-c3"/>
      </object_component>
      <object_component id="oc-3ad">
         <name>.text:__TI_ltoa</name>
         <load_address>0x34d6</load_address>
         <run_address>0x34d6</run_address>
         <size>0x54</size>
         <input_file_ref idref="fl-d7"/>
      </object_component>
      <object_component id="oc-3bd">
         <name>.text:_ecpy</name>
         <load_address>0x352a</load_address>
         <run_address>0x352a</run_address>
         <size>0x52</size>
         <input_file_ref idref="fl-c3"/>
      </object_component>
      <object_component id="oc-15c">
         <name>.text:GPIOPinConfigure</name>
         <load_address>0x357c</load_address>
         <run_address>0x357c</run_address>
         <size>0x4c</size>
         <input_file_ref idref="fl-103"/>
      </object_component>
      <object_component id="oc-41b">
         <name>.text:__TI_doflush</name>
         <load_address>0x35c8</load_address>
         <run_address>0x35c8</run_address>
         <size>0x4c</size>
         <input_file_ref idref="fl-e9"/>
      </object_component>
      <object_component id="oc-2d5">
         <name>.text:atoi</name>
         <load_address>0x3614</load_address>
         <run_address>0x3614</run_address>
         <size>0x4c</size>
         <input_file_ref idref="fl-d8"/>
      </object_component>
      <object_component id="oc-106">
         <name>.text:exit</name>
         <load_address>0x3660</load_address>
         <run_address>0x3660</run_address>
         <size>0x48</size>
         <input_file_ref idref="fl-d5"/>
      </object_component>
      <object_component id="oc-3a8">
         <name>.text</name>
         <load_address>0x36a8</load_address>
         <run_address>0x36a8</run_address>
         <size>0x48</size>
         <input_file_ref idref="fl-cc"/>
      </object_component>
      <object_component id="oc-1be">
         <name>.text:UARTConfigSetExpClk</name>
         <load_address>0x36f0</load_address>
         <run_address>0x36f0</run_address>
         <size>0x46</size>
         <input_file_ref idref="fl-107"/>
      </object_component>
      <object_component id="oc-503">
         <name>.text:HOSTclose</name>
         <load_address>0x3738</load_address>
         <run_address>0x3738</run_address>
         <size>0x44</size>
         <input_file_ref idref="fl-f1"/>
      </object_component>
      <object_component id="oc-51b">
         <name>.text:HOSTunlink</name>
         <load_address>0x377c</load_address>
         <run_address>0x377c</run_address>
         <size>0x44</size>
         <input_file_ref idref="fl-f6"/>
      </object_component>
      <object_component id="oc-10c">
         <name>.text:__TI_auto_init_nobinit_nopinit:__TI_auto_init_nobinit_nopinit</name>
         <load_address>0x37c0</load_address>
         <run_address>0x37c0</run_address>
         <size>0x44</size>
         <input_file_ref idref="fl-ed"/>
      </object_component>
      <object_component id="oc-571">
         <name>.text:getdevice</name>
         <load_address>0x3804</load_address>
         <run_address>0x3804</run_address>
         <size>0x44</size>
         <input_file_ref idref="fl-fd"/>
      </object_component>
      <object_component id="oc-2ae">
         <name>.text:_UARTIntNumberGet</name>
         <load_address>0x3848</load_address>
         <run_address>0x3848</run_address>
         <size>0x40</size>
         <input_file_ref idref="fl-107"/>
      </object_component>
      <object_component id="oc-291">
         <name>.text</name>
         <load_address>0x3888</load_address>
         <run_address>0x3888</run_address>
         <size>0x40</size>
         <input_file_ref idref="fl-d0"/>
      </object_component>
      <object_component id="oc-3d0">
         <name>.text:_fcpy</name>
         <load_address>0x38c8</load_address>
         <run_address>0x38c8</run_address>
         <size>0x3e</size>
         <input_file_ref idref="fl-c3"/>
      </object_component>
      <object_component id="oc-276">
         <name>.text:SysCtlPeripheralPresent</name>
         <load_address>0x3908</load_address>
         <run_address>0x3908</run_address>
         <size>0x38</size>
         <input_file_ref idref="fl-106"/>
      </object_component>
      <object_component id="oc-1b2">
         <name>.text:SysCtlPeripheralReady</name>
         <load_address>0x3940</load_address>
         <run_address>0x3940</run_address>
         <size>0x38</size>
         <input_file_ref idref="fl-106"/>
      </object_component>
      <object_component id="oc-54a">
         <name>.text:__TI_writemsg</name>
         <load_address>0x3978</load_address>
         <run_address>0x3978</run_address>
         <size>0x38</size>
         <input_file_ref idref="fl-f8"/>
      </object_component>
      <object_component id="oc-593">
         <name>.text:strncpy</name>
         <load_address>0x39b0</load_address>
         <run_address>0x39b0</run_address>
         <size>0x36</size>
         <input_file_ref idref="fl-ff"/>
      </object_component>
      <object_component id="oc-2b4">
         <name>.text:IntRegister</name>
         <load_address>0x39e8</load_address>
         <run_address>0x39e8</run_address>
         <size>0x34</size>
         <input_file_ref idref="fl-104"/>
      </object_component>
      <object_component id="oc-156">
         <name>.text:SysCtlPeripheralEnable</name>
         <load_address>0x3a1c</load_address>
         <run_address>0x3a1c</run_address>
         <size>0x34</size>
         <input_file_ref idref="fl-106"/>
      </object_component>
      <object_component id="oc-4b4">
         <name>.text:__TI_cleanup</name>
         <load_address>0x3a50</load_address>
         <run_address>0x3a50</run_address>
         <size>0x34</size>
         <input_file_ref idref="fl-ea"/>
      </object_component>
      <object_component id="oc-550">
         <name>.text:__TI_readmsg</name>
         <load_address>0x3a84</load_address>
         <run_address>0x3a84</run_address>
         <size>0x34</size>
         <input_file_ref idref="fl-f8"/>
      </object_component>
      <object_component id="oc-5c">
         <name>.text:_c_int00_noargs:_c_int00_noargs</name>
         <load_address>0x3ab8</load_address>
         <run_address>0x3ab8</run_address>
         <size>0x34</size>
         <input_file_ref idref="fl-e2"/>
      </object_component>
      <object_component id="oc-1ac">
         <name>.text:strstr</name>
         <load_address>0x3aec</load_address>
         <run_address>0x3aec</run_address>
         <size>0x34</size>
         <input_file_ref idref="fl-e1"/>
      </object_component>
      <object_component id="oc-599">
         <name>.text:finddevice</name>
         <load_address>0x3b20</load_address>
         <run_address>0x3b20</run_address>
         <size>0x30</size>
         <input_file_ref idref="fl-fd"/>
      </object_component>
      <object_component id="oc-3b3">
         <name>.text</name>
         <load_address>0x3b50</load_address>
         <run_address>0x3b50</run_address>
         <size>0x2e</size>
         <input_file_ref idref="fl-cd"/>
      </object_component>
      <object_component id="oc-25a">
         <name>.text:GPIODirModeSet</name>
         <load_address>0x3b7e</load_address>
         <run_address>0x3b7e</run_address>
         <size>0x2c</size>
         <input_file_ref idref="fl-103"/>
      </object_component>
      <object_component id="oc-53f">
         <name>.text:unlink</name>
         <load_address>0x3bac</load_address>
         <run_address>0x3bac</run_address>
         <size>0x2c</size>
         <input_file_ref idref="fl-102"/>
      </object_component>
      <object_component id="oc-4e3">
         <name>.text:free_list_insert</name>
         <load_address>0x3bd8</load_address>
         <run_address>0x3bd8</run_address>
         <size>0x28</size>
         <input_file_ref idref="fl-dd"/>
      </object_component>
      <object_component id="oc-4a0">
         <name>.text:lseek</name>
         <load_address>0x3c00</load_address>
         <run_address>0x3c00</run_address>
         <size>0x28</size>
         <input_file_ref idref="fl-fa"/>
      </object_component>
      <object_component id="oc-421">
         <name>.text:write</name>
         <load_address>0x3c28</load_address>
         <run_address>0x3c28</run_address>
         <size>0x28</size>
         <input_file_ref idref="fl-e3"/>
      </object_component>
      <object_component id="oc-1d6">
         <name>.text:IntPrioritySet</name>
         <load_address>0x3c50</load_address>
         <run_address>0x3c50</run_address>
         <size>0x24</size>
         <input_file_ref idref="fl-104"/>
      </object_component>
      <object_component id="oc-168">
         <name>.text:PWMGenConfigure</name>
         <load_address>0x3c74</load_address>
         <run_address>0x3c74</run_address>
         <size>0x22</size>
         <input_file_ref idref="fl-105"/>
      </object_component>
      <object_component id="oc-29f">
         <name>.text:UARTDisable</name>
         <load_address>0x3c98</load_address>
         <run_address>0x3c98</run_address>
         <size>0x20</size>
         <input_file_ref idref="fl-107"/>
      </object_component>
      <object_component id="oc-415">
         <name>.text:memchr</name>
         <load_address>0x3cb8</load_address>
         <run_address>0x3cb8</run_address>
         <size>0x20</size>
         <input_file_ref idref="fl-dc"/>
      </object_component>
      <object_component id="oc-174">
         <name>.text:PWMPulseWidthSet</name>
         <load_address>0x3cd8</load_address>
         <run_address>0x3cd8</run_address>
         <size>0x1e</size>
         <input_file_ref idref="fl-105"/>
      </object_component>
      <object_component id="oc-4dd">
         <name>.text:free_list_remove</name>
         <load_address>0x3cf8</load_address>
         <run_address>0x3cf8</run_address>
         <size>0x1c</size>
         <input_file_ref idref="fl-dd"/>
      </object_component>
      <object_component id="oc-2fe">
         <name>.text:memccpy</name>
         <load_address>0x3d14</load_address>
         <run_address>0x3d14</run_address>
         <size>0x1c</size>
         <input_file_ref idref="fl-db"/>
      </object_component>
      <object_component id="oc-1ee">
         <name>.text:GPIOPinTypeGPIOOutput</name>
         <load_address>0x3d30</load_address>
         <run_address>0x3d30</run_address>
         <size>0x1a</size>
         <input_file_ref idref="fl-103"/>
      </object_component>
      <object_component id="oc-459">
         <name>.text:copysign</name>
         <load_address>0x3d4a</load_address>
         <run_address>0x3d4a</run_address>
         <size>0x1a</size>
         <input_file_ref idref="fl-fb"/>
      </object_component>
      <object_component id="oc-1dc">
         <name>.text:UARTIntRegister</name>
         <load_address>0x3d64</load_address>
         <run_address>0x3d64</run_address>
         <size>0x18</size>
         <input_file_ref idref="fl-107"/>
      </object_component>
      <object_component id="oc-186">
         <name>.text:strcmp</name>
         <load_address>0x3d7c</load_address>
         <run_address>0x3d7c</run_address>
         <size>0x18</size>
         <input_file_ref idref="fl-df"/>
      </object_component>
      <object_component id="oc-162">
         <name>.text:GPIOPinTypePWM</name>
         <load_address>0x3d94</load_address>
         <run_address>0x3d94</run_address>
         <size>0x16</size>
         <input_file_ref idref="fl-103"/>
      </object_component>
      <object_component id="oc-1b8">
         <name>.text:GPIOPinTypeUART</name>
         <load_address>0x3daa</load_address>
         <run_address>0x3daa</run_address>
         <size>0x16</size>
         <input_file_ref idref="fl-103"/>
      </object_component>
      <object_component id="oc-3e4">
         <name>.text:strchr</name>
         <load_address>0x3dc0</load_address>
         <run_address>0x3dc0</run_address>
         <size>0x16</size>
         <input_file_ref idref="fl-de"/>
      </object_component>
      <object_component id="oc-150">
         <name>.text:SysCtlPWMClockSet</name>
         <load_address>0x3dd8</load_address>
         <run_address>0x3dd8</run_address>
         <size>0x14</size>
         <input_file_ref idref="fl-106"/>
      </object_component>
      <object_component id="oc-27c">
         <name>.text:UARTEnable</name>
         <load_address>0x3dec</load_address>
         <run_address>0x3dec</run_address>
         <size>0x14</size>
         <input_file_ref idref="fl-107"/>
      </object_component>
      <object_component id="oc-564">
         <name>.text:strcpy</name>
         <load_address>0x3e00</load_address>
         <run_address>0x3e00</run_address>
         <size>0x14</size>
         <input_file_ref idref="fl-fe"/>
      </object_component>
      <object_component id="oc-2cf">
         <name>.text:strlen</name>
         <load_address>0x3e14</load_address>
         <run_address>0x3e14</run_address>
         <size>0x14</size>
         <input_file_ref idref="fl-e0"/>
      </object_component>
      <object_component id="oc-180">
         <name>.text:PWMOutputState</name>
         <load_address>0x3e28</load_address>
         <run_address>0x3e28</run_address>
         <size>0x12</size>
         <input_file_ref idref="fl-105"/>
      </object_component>
      <object_component id="oc-304">
         <name>.text:wcslen</name>
         <load_address>0x3e3a</load_address>
         <run_address>0x3e3a</run_address>
         <size>0x12</size>
         <input_file_ref idref="fl-e6"/>
      </object_component>
      <object_component id="oc-1e8">
         <name>.text:IntMasterEnable</name>
         <load_address>0x3e4c</load_address>
         <run_address>0x3e4c</run_address>
         <size>0x10</size>
         <input_file_ref idref="fl-104"/>
      </object_component>
      <object_component id="oc-16e">
         <name>.text:PWMGenPeriodSet</name>
         <load_address>0x3e5c</load_address>
         <run_address>0x3e5c</run_address>
         <size>0x10</size>
         <input_file_ref idref="fl-105"/>
      </object_component>
      <object_component id="oc-1a0">
         <name>.text:UARTCharsAvail</name>
         <load_address>0x3e6c</load_address>
         <run_address>0x3e6c</run_address>
         <size>0xe</size>
         <input_file_ref idref="fl-107"/>
      </object_component>
      <object_component id="oc-1b">
         <name>.text:decompress:none:__TI_decompress_none</name>
         <load_address>0x3e7a</load_address>
         <run_address>0x3e7a</run_address>
         <size>0xe</size>
         <input_file_ref idref="fl-d3"/>
      </object_component>
      <object_component id="oc-2bf">
         <name>.text:CPUcpsie</name>
         <load_address>0x3e88</load_address>
         <run_address>0x3e88</run_address>
         <size>0xc</size>
         <input_file_ref idref="fl-108"/>
      </object_component>
      <object_component id="oc-17a">
         <name>.text:PWMGenEnable</name>
         <load_address>0x3e94</load_address>
         <run_address>0x3e94</run_address>
         <size>0xc</size>
         <input_file_ref idref="fl-105"/>
      </object_component>
      <object_component id="oc-50">
         <name>.text:decompress:ZI:__TI_zero_init</name>
         <load_address>0x3ea0</load_address>
         <run_address>0x3ea0</run_address>
         <size>0xc</size>
         <input_file_ref idref="fl-d2"/>
      </object_component>
      <object_component id="oc-2a">
         <name>.text</name>
         <load_address>0x3eac</load_address>
         <run_address>0x3eac</run_address>
         <size>0xc</size>
         <input_file_ref idref="fl-5"/>
      </object_component>
      <object_component id="oc-19a">
         <name>.text:UARTCharGet</name>
         <load_address>0x3eb8</load_address>
         <run_address>0x3eb8</run_address>
         <size>0xa</size>
         <input_file_ref idref="fl-107"/>
      </object_component>
      <object_component id="oc-282">
         <name>.text:UARTCharPut</name>
         <load_address>0x3ec2</load_address>
         <run_address>0x3ec2</run_address>
         <size>0xa</size>
         <input_file_ref idref="fl-107"/>
      </object_component>
      <object_component id="oc-1c4">
         <name>.text:UARTFIFOEnable</name>
         <load_address>0x3ecc</load_address>
         <run_address>0x3ecc</run_address>
         <size>0xa</size>
         <input_file_ref idref="fl-107"/>
      </object_component>
      <object_component id="oc-18e">
         <name>.text:UARTIntStatus</name>
         <load_address>0x3ed6</load_address>
         <run_address>0x3ed6</run_address>
         <size>0xa</size>
         <input_file_ref idref="fl-107"/>
      </object_component>
      <object_component id="oc-1d0">
         <name>.text:UARTIntEnable</name>
         <load_address>0x3ee0</load_address>
         <run_address>0x3ee0</run_address>
         <size>0x8</size>
         <input_file_ref idref="fl-107"/>
      </object_component>
      <object_component id="oc-30a">
         <name>.text:__aeabi_errno_addr</name>
         <load_address>0x3ee8</load_address>
         <run_address>0x3ee8</run_address>
         <size>0x8</size>
         <input_file_ref idref="fl-e5"/>
      </object_component>
      <object_component id="oc-4ae">
         <name>.text:malloc</name>
         <load_address>0x3ef0</load_address>
         <run_address>0x3ef0</run_address>
         <size>0x8</size>
         <input_file_ref idref="fl-dd"/>
      </object_component>
      <object_component id="oc-1f4">
         <name>.text:GPIOPinWrite</name>
         <load_address>0x3ef8</load_address>
         <run_address>0x3ef8</run_address>
         <size>0x6</size>
         <input_file_ref idref="fl-103"/>
      </object_component>
      <object_component id="oc-e2">
         <name>.text:SysCtlDelay</name>
         <load_address>0x3efe</load_address>
         <run_address>0x3efe</run_address>
         <size>0x6</size>
         <input_file_ref idref="fl-106"/>
      </object_component>
      <object_component id="oc-1ca">
         <name>.text:UARTFIFOLevelSet</name>
         <load_address>0x3f04</load_address>
         <run_address>0x3f04</run_address>
         <size>0x6</size>
         <input_file_ref idref="fl-107"/>
      </object_component>
      <object_component id="oc-194">
         <name>.text:UARTIntClear</name>
         <load_address>0x3f0a</load_address>
         <run_address>0x3f0a</run_address>
         <size>0x4</size>
         <input_file_ref idref="fl-107"/>
      </object_component>
      <object_component id="oc-210">
         <name>.text:_outc</name>
         <load_address>0x3f0e</load_address>
         <run_address>0x3f0e</run_address>
         <size>0x4</size>
         <input_file_ref idref="fl-c2"/>
      </object_component>
      <object_component id="oc-20a">
         <name>.text:_outs</name>
         <load_address>0x3f12</load_address>
         <run_address>0x3f12</run_address>
         <size>0x4</size>
         <input_file_ref idref="fl-c2"/>
      </object_component>
      <object_component id="oc-9c">
         <name>.text:_system_pre_init</name>
         <load_address>0x3f16</load_address>
         <run_address>0x3f16</run_address>
         <size>0x4</size>
         <input_file_ref idref="fl-ee"/>
      </object_component>
      <object_component id="oc-100">
         <name>.text:abort:abort</name>
         <load_address>0x3f1a</load_address>
         <run_address>0x3f1a</run_address>
         <size>0x4</size>
         <input_file_ref idref="fl-d5"/>
      </object_component>
      <object_component id="oc-38d">
         <name>.const:.string:_ctypes_</name>
         <load_address>0x3f20</load_address>
         <run_address>0x3f20</run_address>
         <size>0x101</size>
         <input_file_ref idref="fl-d9"/>
      </object_component>
      <object_component id="oc-2a9">
         <name>.const:g_pui32Regs</name>
         <load_address>0x4024</load_address>
         <run_address>0x4024</run_address>
         <size>0x9c</size>
         <input_file_ref idref="fl-104"/>
      </object_component>
      <object_component id="oc-255">
         <name>.const:g_pui32GPIOBaseAddrs</name>
         <load_address>0x40c0</load_address>
         <run_address>0x40c0</run_address>
         <size>0x90</size>
         <input_file_ref idref="fl-103"/>
      </object_component>
      <object_component id="oc-145">
         <name>.const:g_pui32Xtals</name>
         <load_address>0x4150</load_address>
         <run_address>0x4150</run_address>
         <size>0x6c</size>
         <input_file_ref idref="fl-106"/>
      </object_component>
      <object_component id="oc-37d">
         <name>.const:g_ppui32UARTIntMap</name>
         <load_address>0x41bc</load_address>
         <run_address>0x41bc</run_address>
         <size>0x40</size>
         <input_file_ref idref="fl-107"/>
      </object_component>
      <object_component id="oc-380">
         <name>.const:g_ppui32UARTIntMapSnowflake</name>
         <load_address>0x41fc</load_address>
         <run_address>0x41fc</run_address>
         <size>0x40</size>
         <input_file_ref idref="fl-107"/>
      </object_component>
      <object_component id="oc-2bb">
         <name>.const:g_pui32EnRegs</name>
         <load_address>0x423c</load_address>
         <run_address>0x423c</run_address>
         <size>0x14</size>
         <input_file_ref idref="fl-104"/>
      </object_component>
      <object_component id="oc-371">
         <name>.const:.string</name>
         <load_address>0x4250</load_address>
         <run_address>0x4250</run_address>
         <size>0x12</size>
         <input_file_ref idref="fl-6"/>
      </object_component>
      <object_component id="oc-28e">
         <name>.const:g_ui32UARTBase</name>
         <load_address>0x4264</load_address>
         <run_address>0x4264</run_address>
         <size>0xc</size>
         <input_file_ref idref="fl-6"/>
      </object_component>
      <object_component id="oc-288">
         <name>.const:g_ui32UARTPeriph</name>
         <load_address>0x4270</load_address>
         <run_address>0x4270</run_address>
         <size>0xc</size>
         <input_file_ref idref="fl-6"/>
      </object_component>
      <object_component id="oc-296">
         <name>.const</name>
         <load_address>0x427c</load_address>
         <run_address>0x427c</run_address>
         <size>0x4</size>
         <input_file_ref idref="fl-6"/>
      </object_component>
      <object_component id="oc-5e1">
         <name>.cinit..data.load</name>
         <load_address>0x4280</load_address>
         <run_address>0x4280</run_address>
         <size>0x68</size>
      </object_component>
      <object_component id="oc-5de">
         <name>__TI_handler_table</name>
         <load_address>0x42e8</load_address>
         <run_address>0x42e8</run_address>
         <size>0xc</size>
      </object_component>
      <object_component id="oc-5e2">
         <name>.cinit..bss.load</name>
         <load_address>0x42f8</load_address>
         <run_address>0x42f8</run_address>
         <size>0x8</size>
      </object_component>
      <object_component id="oc-5e0">
         <name>.cinit..vtable.load</name>
         <load_address>0x4300</load_address>
         <run_address>0x4300</run_address>
         <size>0x8</size>
      </object_component>
      <object_component id="oc-5df">
         <name>__TI_cinit_table</name>
         <load_address>0x4308</load_address>
         <run_address>0x4308</run_address>
         <size>0x18</size>
      </object_component>
      <object_component id="oc-384">
         <name>.vtable</name>
         <uninitialized>true</uninitialized>
         <run_address>0x20000000</run_address>
         <size>0x26c</size>
         <input_file_ref idref="fl-104"/>
      </object_component>
      <object_component id="oc-1fa">
         <name>.data:wifidata</name>
         <load_address>0x2000026c</load_address>
         <run_address>0x2000026c</run_address>
         <size>0x402</size>
         <input_file_ref idref="fl-2"/>
      </object_component>
      <object_component id="oc-28b">
         <name>.data</name>
         <load_address>0x20000854</load_address>
         <run_address>0x20000854</run_address>
         <size>0x5</size>
         <input_file_ref idref="fl-6"/>
      </object_component>
      <object_component id="oc-220">
         <name>.data:$O1$$</name>
         <load_address>0x20000838</load_address>
         <run_address>0x20000838</run_address>
         <size>0xc</size>
         <input_file_ref idref="fl-d5"/>
      </object_component>
      <object_component id="oc-204">
         <name>.data:$O1$$</name>
         <load_address>0x20000844</load_address>
         <run_address>0x20000844</run_address>
         <size>0x8</size>
         <input_file_ref idref="fl-d6"/>
      </object_component>
      <object_component id="oc-207">
         <name>.data:_ftable</name>
         <load_address>0x20000670</load_address>
         <run_address>0x20000670</run_address>
         <size>0xf0</size>
         <input_file_ref idref="fl-da"/>
      </object_component>
      <object_component id="oc-4f7">
         <name>.data</name>
         <load_address>0x20000828</load_address>
         <run_address>0x20000828</run_address>
         <size>0x10</size>
         <input_file_ref idref="fl-da"/>
      </object_component>
      <object_component id="oc-52d">
         <name>.data:$O1$$</name>
         <load_address>0x2000084c</load_address>
         <run_address>0x2000084c</run_address>
         <size>0x8</size>
         <input_file_ref idref="fl-dd"/>
      </object_component>
      <object_component id="oc-4c7">
         <name>.data:_device</name>
         <load_address>0x20000760</load_address>
         <run_address>0x20000760</run_address>
         <size>0x78</size>
         <input_file_ref idref="fl-e4"/>
      </object_component>
      <object_component id="oc-487">
         <name>.data:_stream</name>
         <load_address>0x200007d8</load_address>
         <run_address>0x200007d8</run_address>
         <size>0x50</size>
         <input_file_ref idref="fl-e4"/>
      </object_component>
      <object_component id="oc-3f4">
         <name>.data</name>
         <load_address>0x2000085c</load_address>
         <run_address>0x2000085c</run_address>
         <size>0x4</size>
         <input_file_ref idref="fl-e5"/>
      </object_component>
      <object_component id="oc-57b">
         <name>.bss:_CIOBUF_</name>
         <uninitialized>true</uninitialized>
         <run_address>0x20001060</run_address>
         <size>0x120</size>
         <input_file_ref idref="fl-f8"/>
      </object_component>
      <object_component id="oc-fb">
         <name>.common:direction</name>
         <uninitialized>true</uninitialized>
         <run_address>0x20001228</run_address>
         <size>0x4</size>
      </object_component>
      <object_component id="oc-fe">
         <name>.common:last_dir</name>
         <uninitialized>true</uninitialized>
         <run_address>0x2000122c</run_address>
         <size>0x4</size>
      </object_component>
      <object_component id="oc-545">
         <name>.common:__TI_tmpnams</name>
         <uninitialized>true</uninitialized>
         <run_address>0x20001180</run_address>
         <size>0xa0</size>
      </object_component>
      <object_component id="oc-556">
         <name>.common:parmbuf</name>
         <uninitialized>true</uninitialized>
         <run_address>0x20001220</run_address>
         <size>0x8</size>
      </object_component>
      <object_component id="oc-24">
         <name>.sysmem</name>
         <uninitialized>true</uninitialized>
         <run_address>0x20000c60</run_address>
         <size>0x10</size>
         <input_file_ref idref="fl-dd"/>
      </object_component>
      <object_component id="oc-5e5">
         <name>.sysmem</name>
         <uninitialized>true</uninitialized>
         <run_address>0x20000c60</run_address>
         <size>0x0</size>
      </object_component>
      <object_component id="oc-27">
         <name>.stack</name>
         <uninitialized>true</uninitialized>
         <run_address>0x20000860</run_address>
         <size>0x4</size>
         <input_file_ref idref="fl-e2"/>
      </object_component>
      <object_component id="oc-5e4">
         <name>.stack</name>
         <uninitialized>true</uninitialized>
         <run_address>0x20000860</run_address>
         <size>0x0</size>
      </object_component>
      <object_component id="oc-ca">
         <name>.debug_info</name>
         <load_address>0x0</load_address>
         <run_address>0x0</run_address>
         <size>0x778</size>
         <input_file_ref idref="fl-2"/>
      </object_component>
      <object_component id="oc-1fb">
         <name>.debug_info</name>
         <load_address>0x778</load_address>
         <run_address>0x778</run_address>
         <size>0xc1</size>
         <input_file_ref idref="fl-2"/>
      </object_component>
      <object_component id="oc-f0">
         <name>.debug_info</name>
         <load_address>0x839</load_address>
         <run_address>0x839</run_address>
         <size>0x693</size>
         <input_file_ref idref="fl-2"/>
      </object_component>
      <object_component id="oc-2ca">
         <name>.debug_info</name>
         <load_address>0xecc</load_address>
         <run_address>0xecc</run_address>
         <size>0x60</size>
         <input_file_ref idref="fl-2"/>
      </object_component>
      <object_component id="oc-77">
         <name>.debug_info</name>
         <load_address>0xf2c</load_address>
         <run_address>0xf2c</run_address>
         <size>0x26b</size>
         <input_file_ref idref="fl-2"/>
      </object_component>
      <object_component id="oc-c5">
         <name>.debug_info</name>
         <load_address>0x1197</load_address>
         <run_address>0x1197</run_address>
         <size>0x8b</size>
         <input_file_ref idref="fl-2"/>
      </object_component>
      <object_component id="oc-c0">
         <name>.debug_info</name>
         <load_address>0x1222</load_address>
         <run_address>0x1222</run_address>
         <size>0x2a4</size>
         <input_file_ref idref="fl-2"/>
      </object_component>
      <object_component id="oc-7c">
         <name>.debug_info</name>
         <load_address>0x14c6</load_address>
         <run_address>0x14c6</run_address>
         <size>0xbb</size>
         <input_file_ref idref="fl-2"/>
      </object_component>
      <object_component id="oc-d3">
         <name>.debug_info</name>
         <load_address>0x1581</load_address>
         <run_address>0x1581</run_address>
         <size>0x2c</size>
         <input_file_ref idref="fl-2"/>
      </object_component>
      <object_component id="oc-218">
         <name>.debug_info</name>
         <load_address>0x15ad</load_address>
         <run_address>0x15ad</run_address>
         <size>0x2c</size>
         <input_file_ref idref="fl-2"/>
      </object_component>
      <object_component id="oc-140">
         <name>.debug_info</name>
         <load_address>0x15d9</load_address>
         <run_address>0x15d9</run_address>
         <size>0x35</size>
         <input_file_ref idref="fl-2"/>
      </object_component>
      <object_component id="oc-fc">
         <name>.debug_info</name>
         <load_address>0x160e</load_address>
         <run_address>0x160e</run_address>
         <size>0x3df</size>
         <input_file_ref idref="fl-3"/>
      </object_component>
      <object_component id="oc-a3">
         <name>.debug_info</name>
         <load_address>0x19ed</load_address>
         <run_address>0x19ed</run_address>
         <size>0x245</size>
         <input_file_ref idref="fl-3"/>
      </object_component>
      <object_component id="oc-39">
         <name>.debug_info</name>
         <load_address>0x1c32</load_address>
         <run_address>0x1c32</run_address>
         <size>0x84</size>
         <input_file_ref idref="fl-3"/>
      </object_component>
      <object_component id="oc-18d">
         <name>.debug_info</name>
         <load_address>0x1cb6</load_address>
         <run_address>0x1cb6</run_address>
         <size>0x4ac</size>
         <input_file_ref idref="fl-4"/>
      </object_component>
      <object_component id="oc-ea">
         <name>.debug_info</name>
         <load_address>0x2162</load_address>
         <run_address>0x2162</run_address>
         <size>0x581</size>
         <input_file_ref idref="fl-4"/>
      </object_component>
      <object_component id="oc-32">
         <name>.debug_info</name>
         <load_address>0x26e3</load_address>
         <run_address>0x26e3</run_address>
         <size>0x29e</size>
         <input_file_ref idref="fl-5"/>
      </object_component>
      <object_component id="oc-13">
         <name>.debug_info</name>
         <load_address>0x2981</load_address>
         <run_address>0x2981</run_address>
         <size>0xdd</size>
         <input_file_ref idref="fl-5"/>
      </object_component>
      <object_component id="oc-2b">
         <name>.debug_info</name>
         <load_address>0x2a5e</load_address>
         <run_address>0x2a5e</run_address>
         <size>0x259</size>
         <input_file_ref idref="fl-5"/>
      </object_component>
      <object_component id="oc-29a">
         <name>.debug_info</name>
         <load_address>0x2cb7</load_address>
         <run_address>0x2cb7</run_address>
         <size>0x3d2</size>
         <input_file_ref idref="fl-6"/>
      </object_component>
      <object_component id="oc-28c">
         <name>.debug_info</name>
         <load_address>0x3089</load_address>
         <run_address>0x3089</run_address>
         <size>0xc9</size>
         <input_file_ref idref="fl-6"/>
      </object_component>
      <object_component id="oc-297">
         <name>.debug_info</name>
         <load_address>0x3152</load_address>
         <run_address>0x3152</run_address>
         <size>0xc3</size>
         <input_file_ref idref="fl-6"/>
      </object_component>
      <object_component id="oc-28f">
         <name>.debug_info</name>
         <load_address>0x3215</load_address>
         <run_address>0x3215</run_address>
         <size>0xd1</size>
         <input_file_ref idref="fl-6"/>
      </object_component>
      <object_component id="oc-289">
         <name>.debug_info</name>
         <load_address>0x32e6</load_address>
         <run_address>0x32e6</run_address>
         <size>0xd5</size>
         <input_file_ref idref="fl-6"/>
      </object_component>
      <object_component id="oc-1a9">
         <name>.debug_info</name>
         <load_address>0x33bb</load_address>
         <run_address>0x33bb</run_address>
         <size>0x772</size>
         <input_file_ref idref="fl-6"/>
      </object_component>
      <object_component id="oc-217">
         <name>.debug_info</name>
         <load_address>0x3b2d</load_address>
         <run_address>0x3b2d</run_address>
         <size>0x3e5</size>
         <input_file_ref idref="fl-c2"/>
      </object_component>
      <object_component id="oc-214">
         <name>.debug_info</name>
         <load_address>0x3f12</load_address>
         <run_address>0x3f12</run_address>
         <size>0x157</size>
         <input_file_ref idref="fl-c2"/>
      </object_component>
      <object_component id="oc-20e">
         <name>.debug_info</name>
         <load_address>0x4069</load_address>
         <run_address>0x4069</run_address>
         <size>0x166</size>
         <input_file_ref idref="fl-c2"/>
      </object_component>
      <object_component id="oc-f7">
         <name>.debug_info</name>
         <load_address>0x41cf</load_address>
         <run_address>0x41cf</run_address>
         <size>0x1ac</size>
         <input_file_ref idref="fl-c2"/>
      </object_component>
      <object_component id="oc-33a">
         <name>.debug_info</name>
         <load_address>0x437b</load_address>
         <run_address>0x437b</run_address>
         <size>0xb2</size>
         <input_file_ref idref="fl-c2"/>
      </object_component>
      <object_component id="oc-311">
         <name>.debug_info</name>
         <load_address>0x442d</load_address>
         <run_address>0x442d</run_address>
         <size>0x590</size>
         <input_file_ref idref="fl-c3"/>
      </object_component>
      <object_component id="oc-2de">
         <name>.debug_info</name>
         <load_address>0x49bd</load_address>
         <run_address>0x49bd</run_address>
         <size>0x21e</size>
         <input_file_ref idref="fl-c3"/>
      </object_component>
      <object_component id="oc-3c0">
         <name>.debug_info</name>
         <load_address>0x4bdb</load_address>
         <run_address>0x4bdb</run_address>
         <size>0x1b3</size>
         <input_file_ref idref="fl-c3"/>
      </object_component>
      <object_component id="oc-3c6">
         <name>.debug_info</name>
         <load_address>0x4d8e</load_address>
         <run_address>0x4d8e</run_address>
         <size>0x21b</size>
         <input_file_ref idref="fl-c3"/>
      </object_component>
      <object_component id="oc-2e8">
         <name>.debug_info</name>
         <load_address>0x4fa9</load_address>
         <run_address>0x4fa9</run_address>
         <size>0x3c0</size>
         <input_file_ref idref="fl-c3"/>
      </object_component>
      <object_component id="oc-3cd">
         <name>.debug_info</name>
         <load_address>0x5369</load_address>
         <run_address>0x5369</run_address>
         <size>0x30a</size>
         <input_file_ref idref="fl-c3"/>
      </object_component>
      <object_component id="oc-3d2">
         <name>.debug_info</name>
         <load_address>0x5673</load_address>
         <run_address>0x5673</run_address>
         <size>0x215</size>
         <input_file_ref idref="fl-c3"/>
      </object_component>
      <object_component id="oc-2ef">
         <name>.debug_info</name>
         <load_address>0x5888</load_address>
         <run_address>0x5888</run_address>
         <size>0x215</size>
         <input_file_ref idref="fl-c3"/>
      </object_component>
      <object_component id="oc-2f4">
         <name>.debug_info</name>
         <load_address>0x5a9d</load_address>
         <run_address>0x5a9d</run_address>
         <size>0x304</size>
         <input_file_ref idref="fl-c3"/>
      </object_component>
      <object_component id="oc-2fa">
         <name>.debug_info</name>
         <load_address>0x5da1</load_address>
         <run_address>0x5da1</run_address>
         <size>0x4b5</size>
         <input_file_ref idref="fl-c3"/>
      </object_component>
      <object_component id="oc-200">
         <name>.debug_info</name>
         <load_address>0x6256</load_address>
         <run_address>0x6256</run_address>
         <size>0x5f4</size>
         <input_file_ref idref="fl-c3"/>
      </object_component>
      <object_component id="oc-312">
         <name>.debug_info</name>
         <load_address>0x684a</load_address>
         <run_address>0x684a</run_address>
         <size>0x86</size>
         <input_file_ref idref="fl-c3"/>
      </object_component>
      <object_component id="oc-400">
         <name>.debug_info</name>
         <load_address>0x68d0</load_address>
         <run_address>0x68d0</run_address>
         <size>0x39</size>
         <input_file_ref idref="fl-c3"/>
      </object_component>
      <object_component id="oc-470">
         <name>.debug_info</name>
         <load_address>0x6909</load_address>
         <run_address>0x6909</run_address>
         <size>0xb6</size>
         <input_file_ref idref="fl-c3"/>
      </object_component>
      <object_component id="oc-405">
         <name>.debug_info</name>
         <load_address>0x69bf</load_address>
         <run_address>0x69bf</run_address>
         <size>0x46</size>
         <input_file_ref idref="fl-c3"/>
      </object_component>
      <object_component id="oc-317">
         <name>.debug_info</name>
         <load_address>0x6a05</load_address>
         <run_address>0x6a05</run_address>
         <size>0x46</size>
         <input_file_ref idref="fl-c3"/>
      </object_component>
      <object_component id="oc-3fb">
         <name>.debug_info</name>
         <load_address>0x6a4b</load_address>
         <run_address>0x6a4b</run_address>
         <size>0x2c</size>
         <input_file_ref idref="fl-c3"/>
      </object_component>
      <object_component id="oc-42a">
         <name>.debug_info</name>
         <load_address>0x6a77</load_address>
         <run_address>0x6a77</run_address>
         <size>0x383</size>
         <input_file_ref idref="fl-c4"/>
      </object_component>
      <object_component id="oc-333">
         <name>.debug_info</name>
         <load_address>0x6dfa</load_address>
         <run_address>0x6dfa</run_address>
         <size>0x1ea</size>
         <input_file_ref idref="fl-c4"/>
      </object_component>
      <object_component id="oc-428">
         <name>.debug_info</name>
         <load_address>0x6fe4</load_address>
         <run_address>0x6fe4</run_address>
         <size>0x3fc</size>
         <input_file_ref idref="fl-c5"/>
      </object_component>
      <object_component id="oc-32e">
         <name>.debug_info</name>
         <load_address>0x73e0</load_address>
         <run_address>0x73e0</run_address>
         <size>0x2e2</size>
         <input_file_ref idref="fl-c5"/>
      </object_component>
      <object_component id="oc-482">
         <name>.debug_info</name>
         <load_address>0x76c2</load_address>
         <run_address>0x76c2</run_address>
         <size>0x300</size>
         <input_file_ref idref="fl-c6"/>
      </object_component>
      <object_component id="oc-410">
         <name>.debug_info</name>
         <load_address>0x79c2</load_address>
         <run_address>0x79c2</run_address>
         <size>0x19c</size>
         <input_file_ref idref="fl-c6"/>
      </object_component>
      <object_component id="oc-4bc">
         <name>.debug_info</name>
         <load_address>0x7b5e</load_address>
         <run_address>0x7b5e</run_address>
         <size>0xbf</size>
         <input_file_ref idref="fl-c6"/>
      </object_component>
      <object_component id="oc-4bb">
         <name>.debug_info</name>
         <load_address>0x7c1d</load_address>
         <run_address>0x7c1d</run_address>
         <size>0x374</size>
         <input_file_ref idref="fl-c7"/>
      </object_component>
      <object_component id="oc-47e">
         <name>.debug_info</name>
         <load_address>0x7f91</load_address>
         <run_address>0x7f91</run_address>
         <size>0x20b</size>
         <input_file_ref idref="fl-c7"/>
      </object_component>
      <object_component id="oc-3ba">
         <name>.debug_info</name>
         <load_address>0x819c</load_address>
         <run_address>0x819c</run_address>
         <size>0x14c</size>
         <input_file_ref idref="fl-c8"/>
      </object_component>
      <object_component id="oc-2e4">
         <name>.debug_info</name>
         <load_address>0x82e8</load_address>
         <run_address>0x82e8</run_address>
         <size>0x128</size>
         <input_file_ref idref="fl-c9"/>
      </object_component>
      <object_component id="oc-3a6">
         <name>.debug_info</name>
         <load_address>0x8410</load_address>
         <run_address>0x8410</run_address>
         <size>0x12a</size>
         <input_file_ref idref="fl-c9"/>
      </object_component>
      <object_component id="oc-39f">
         <name>.debug_info</name>
         <load_address>0x853a</load_address>
         <run_address>0x853a</run_address>
         <size>0x13a</size>
         <input_file_ref idref="fl-ca"/>
      </object_component>
      <object_component id="oc-39b">
         <name>.debug_info</name>
         <load_address>0x8674</load_address>
         <run_address>0x8674</run_address>
         <size>0x13a</size>
         <input_file_ref idref="fl-cb"/>
      </object_component>
      <object_component id="oc-3aa">
         <name>.debug_info</name>
         <load_address>0x87ae</load_address>
         <run_address>0x87ae</run_address>
         <size>0x12e</size>
         <input_file_ref idref="fl-cc"/>
      </object_component>
      <object_component id="oc-3b4">
         <name>.debug_info</name>
         <load_address>0x88dc</load_address>
         <run_address>0x88dc</run_address>
         <size>0x12c</size>
         <input_file_ref idref="fl-cd"/>
      </object_component>
      <object_component id="oc-40">
         <name>.debug_info</name>
         <load_address>0x8a08</load_address>
         <run_address>0x8a08</run_address>
         <size>0x119</size>
         <input_file_ref idref="fl-ce"/>
      </object_component>
      <object_component id="oc-99">
         <name>.debug_info</name>
         <load_address>0x8b21</load_address>
         <run_address>0x8b21</run_address>
         <size>0x147</size>
         <input_file_ref idref="fl-cf"/>
      </object_component>
      <object_component id="oc-293">
         <name>.debug_info</name>
         <load_address>0x8c68</load_address>
         <run_address>0x8c68</run_address>
         <size>0x142</size>
         <input_file_ref idref="fl-d0"/>
      </object_component>
      <object_component id="oc-394">
         <name>.debug_info</name>
         <load_address>0x8daa</load_address>
         <run_address>0x8daa</run_address>
         <size>0x134</size>
         <input_file_ref idref="fl-d1"/>
      </object_component>
      <object_component id="oc-95">
         <name>.debug_info</name>
         <load_address>0x8ede</load_address>
         <run_address>0x8ede</run_address>
         <size>0x2d4</size>
         <input_file_ref idref="fl-d2"/>
      </object_component>
      <object_component id="oc-52">
         <name>.debug_info</name>
         <load_address>0x91b2</load_address>
         <run_address>0x91b2</run_address>
         <size>0x1b5</size>
         <input_file_ref idref="fl-d2"/>
      </object_component>
      <object_component id="oc-90">
         <name>.debug_info</name>
         <load_address>0x9367</load_address>
         <run_address>0x9367</run_address>
         <size>0x46</size>
         <input_file_ref idref="fl-d2"/>
      </object_component>
      <object_component id="oc-49">
         <name>.debug_info</name>
         <load_address>0x93ad</load_address>
         <run_address>0x93ad</run_address>
         <size>0x2a8</size>
         <input_file_ref idref="fl-d3"/>
      </object_component>
      <object_component id="oc-1f">
         <name>.debug_info</name>
         <load_address>0x9655</load_address>
         <run_address>0x9655</run_address>
         <size>0x1ea</size>
         <input_file_ref idref="fl-d3"/>
      </object_component>
      <object_component id="oc-44">
         <name>.debug_info</name>
         <load_address>0x983f</load_address>
         <run_address>0x983f</run_address>
         <size>0x46</size>
         <input_file_ref idref="fl-d3"/>
      </object_component>
      <object_component id="oc-88">
         <name>.debug_info</name>
         <load_address>0x9885</load_address>
         <run_address>0x9885</run_address>
         <size>0x2c</size>
         <input_file_ref idref="fl-d3"/>
      </object_component>
      <object_component id="oc-86">
         <name>.debug_info</name>
         <load_address>0x98b1</load_address>
         <run_address>0x98b1</run_address>
         <size>0x29e</size>
         <input_file_ref idref="fl-d4"/>
      </object_component>
      <object_component id="oc-17">
         <name>.debug_info</name>
         <load_address>0x9b4f</load_address>
         <run_address>0x9b4f</run_address>
         <size>0x250</size>
         <input_file_ref idref="fl-d4"/>
      </object_component>
      <object_component id="oc-34">
         <name>.debug_info</name>
         <load_address>0x9d9f</load_address>
         <run_address>0x9d9f</run_address>
         <size>0x60</size>
         <input_file_ref idref="fl-d4"/>
      </object_component>
      <object_component id="oc-cc">
         <name>.debug_info</name>
         <load_address>0x9dff</load_address>
         <run_address>0x9dff</run_address>
         <size>0x46</size>
         <input_file_ref idref="fl-d4"/>
      </object_component>
      <object_component id="oc-81">
         <name>.debug_info</name>
         <load_address>0x9e45</load_address>
         <run_address>0x9e45</run_address>
         <size>0x39</size>
         <input_file_ref idref="fl-d4"/>
      </object_component>
      <object_component id="oc-224">
         <name>.debug_info</name>
         <load_address>0x9e7e</load_address>
         <run_address>0x9e7e</run_address>
         <size>0x3ad</size>
         <input_file_ref idref="fl-d5"/>
      </object_component>
      <object_component id="oc-221">
         <name>.debug_info</name>
[...]
         <name>__aeabi_memcpy</name>
         <value>0x2ac7</value>
         <object_component_ref idref="oc-3e"/>
      </symbol>
      <symbol id="sm-40c">
         <name>__aeabi_memcpy8</name>
         <value>0x2ac7</value>
         <object_component_ref idref="oc-3e"/>
      </symbol>
      <symbol id="sm-40d">
         <name>__aeabi_memcpy4</name>
         <value>0x2ac7</value>
         <object_component_ref idref="oc-3e"/>
      </symbol>
      <symbol id="sm-41c">
         <name>__aeabi_memset</name>
         <value>0x2e0f</value>
         <object_component_ref idref="oc-96"/>
      </symbol>
      <symbol id="sm-41d">
         <name>memset</name>
         <value>0x2e15</value>
         <object_component_ref idref="oc-96"/>
      </symbol>
      <symbol id="sm-41e">
         <name>__aeabi_memset8</name>
         <value>0x2e0f</value>
         <object_component_ref idref="oc-96"/>
      </symbol>
      <symbol id="sm-41f">
         <name>__aeabi_memset4</name>
         <value>0x2e0f</value>
         <object_component_ref idref="oc-96"/>
      </symbol>
      <symbol id="sm-420">
         <name>__aeabi_memclr8</name>
         <value>0x2e0d</value>
         <object_component_ref idref="oc-96"/>
      </symbol>
      <symbol id="sm-421">
         <name>__aeabi_memclr4</name>
         <value>0x2e0d</value>
         <object_component_ref idref="oc-96"/>
      </symbol>
      <symbol id="sm-422">
         <name>__aeabi_memclr</name>
         <value>0x2e0d</value>
         <object_component_ref idref="oc-96"/>
      </symbol>
      <symbol id="sm-431">
         <name>__aeabi_uidivmod</name>
         <value>0x3889</value>
         <object_component_ref idref="oc-291"/>
      </symbol>
      <symbol id="sm-432">
         <name>__aeabi_uidiv</name>
         <value>0x3889</value>
         <object_component_ref idref="oc-291"/>
      </symbol>
      <symbol id="sm-43f">
         <name>__aeabi_uldivmod</name>
         <value>0x2b63</value>
         <object_component_ref idref="oc-392"/>
      </symbol>
      <symbol id="sm-451">
         <name>__TI_zero_init</name>
         <value>0x3ea1</value>
         <object_component_ref idref="oc-50"/>
      </symbol>
      <symbol id="sm-468">
         <name>__TI_decompress_none</name>
         <value>0x3e7b</value>
         <object_component_ref idref="oc-1b"/>
      </symbol>
      <symbol id="sm-48b">
         <name>__TI_decompress_lzss</name>
         <value>0x3119</value>
         <object_component_ref idref="oc-15"/>
      </symbol>
      <symbol id="sm-4b1">
         <name>C$$EXIT</name>
         <value>0x3f1b</value>
         <object_component_ref idref="oc-100"/>
      </symbol>
      <symbol id="sm-4b2">
         <name>abort</name>
         <value>0x3f1b</value>
         <object_component_ref idref="oc-100"/>
      </symbol>
      <symbol id="sm-4b3">
         <name>__TI_dtors_ptr</name>
         <value>0x2000083c</value>
         <object_component_ref idref="oc-220"/>
      </symbol>
      <symbol id="sm-4b4">
         <name>__TI_cleanup_ptr</name>
         <value>0x20000838</value>
         <object_component_ref idref="oc-220"/>
      </symbol>
      <symbol id="sm-4b5">
         <name>__TI_enable_exit_profile_output</name>
         <value>0x20000840</value>
         <object_component_ref idref="oc-220"/>
      </symbol>
      <symbol id="sm-4b6">
         <name>exit</name>
         <value>0x3661</value>
         <object_component_ref idref="oc-106"/>
      </symbol>
      <symbol id="sm-4cb">
         <name>_nop</name>
         <value>0xcbb</value>
         <object_component_ref idref="oc-31c"/>
      </symbol>
      <symbol id="sm-4cc">
         <name>_lock</name>
         <value>0x20000844</value>
         <object_component_ref idref="oc-204"/>
      </symbol>
      <symbol id="sm-4cd">
         <name>_unlock</name>
         <value>0x20000848</value>
         <object_component_ref idref="oc-204"/>
      </symbol>
      <symbol id="sm-4dc">
         <name>__TI_ltoa</name>
         <value>0x34d7</value>
         <object_component_ref idref="oc-3ad"/>
      </symbol>
      <symbol id="sm-4f2">
         <name>atoi</name>
         <value>0x3615</value>
         <object_component_ref idref="oc-2d5"/>
      </symbol>
      <symbol id="sm-4fd">
         <name>_ctypes_</name>
         <value>0x3f20</value>
         <object_component_ref idref="oc-38d"/>
      </symbol>
      <symbol id="sm-512">
         <name>__TI_tmpnams</name>
         <value>0x20001180</value>
      </symbol>
      <symbol id="sm-513">
         <name>__aeabi_stdout</name>
         <value>0x20000830</value>
         <object_component_ref idref="oc-4f7"/>
      </symbol>
      <symbol id="sm-514">
         <name>__aeabi_stderr</name>
         <value>0x20000834</value>
         <object_component_ref idref="oc-4f7"/>
      </symbol>
      <symbol id="sm-515">
         <name>__aeabi_stdin</name>
         <value>0x2000082c</value>
         <object_component_ref idref="oc-4f7"/>
      </symbol>
      <symbol id="sm-516">
         <name>_ftable</name>
         <value>0x20000670</value>
         <object_component_ref idref="oc-207"/>
      </symbol>
      <symbol id="sm-517">
         <name>__TI_ft_end</name>
         <value>0x20000828</value>
         <object_component_ref idref="oc-4f7"/>
      </symbol>
      <symbol id="sm-527">
         <name>memccpy</name>
         <value>0x3d15</value>
         <object_component_ref idref="oc-2fe"/>
      </symbol>
      <symbol id="sm-537">
         <name>memchr</name>
         <value>0x3cb9</value>
         <object_component_ref idref="oc-415"/>
      </symbol>
      <symbol id="sm-5c0">
         <name>_sys_memory</name>
         <value>0x20000c60</value>
         <object_component_ref idref="oc-24"/>
      </symbol>
      <symbol id="sm-5c1">
         <name>free</name>
         <value>0x2855</value>
         <object_component_ref idref="oc-4a8"/>
      </symbol>
      <symbol id="sm-5c2">
         <name>memalign</name>
         <value>0x2565</value>
         <object_component_ref idref="oc-4ea"/>
      </symbol>
      <symbol id="sm-5c3">
         <name>malloc</name>
         <value>0x3ef1</value>
         <object_component_ref idref="oc-4ae"/>
      </symbol>
      <symbol id="sm-5c4">
         <name>aligned_alloc</name>
         <value>0x2565</value>
         <object_component_ref idref="oc-4ea"/>
      </symbol>
      <symbol id="sm-5d4">
         <name>strchr</name>
         <value>0x3dc1</value>
         <object_component_ref idref="oc-3e4"/>
      </symbol>
      <symbol id="sm-5e3">
         <name>strcmp</name>
         <value>0x3d7d</value>
         <object_component_ref idref="oc-186"/>
      </symbol>
      <symbol id="sm-5f1">
         <name>strlen</name>
         <value>0x3e15</value>
         <object_component_ref idref="oc-2cf"/>
      </symbol>
      <symbol id="sm-604">
         <name>strstr</name>
         <value>0x3aed</value>
         <object_component_ref idref="oc-1ac"/>
      </symbol>
      <symbol id="sm-617">
         <name>__stack</name>
         <value>0x20000860</value>
         <object_component_ref idref="oc-27"/>
      </symbol>
      <symbol id="sm-618">
         <name>_c_int00_noargs</name>
         <value>0x3ab9</value>
         <object_component_ref idref="oc-5c"/>
      </symbol>
      <symbol id="sm-632">
         <name>write</name>
         <value>0x3c29</value>
         <object_component_ref idref="oc-421"/>
      </symbol>
      <symbol id="sm-643">
         <name>_stream</name>
         <value>0x200007d8</value>
         <object_component_ref idref="oc-487"/>
      </symbol>
      <symbol id="sm-644">
         <name>_device</name>
         <value>0x20000760</value>
         <object_component_ref idref="oc-4c7"/>
      </symbol>
      <symbol id="sm-65a">
         <name>__aeabi_errno_addr</name>
         <value>0x3ee9</value>
         <object_component_ref idref="oc-30a"/>
      </symbol>
      <symbol id="sm-65b">
         <name>errno</name>
         <value>0x2000085c</value>
         <object_component_ref idref="oc-3f4"/>
      </symbol>
      <symbol id="sm-674">
         <name>wcslen</name>
         <value>0x3e3b</value>
         <object_component_ref idref="oc-304"/>
      </symbol>
      <symbol id="sm-694">
         <name>frexpl</name>
         <value>0x31e9</value>
         <object_component_ref idref="oc-3d8"/>
      </symbol>
      <symbol id="sm-695">
         <name>frexp</name>
         <value>0x31e9</value>
         <object_component_ref idref="oc-3d8"/>
      </symbol>
      <symbol id="sm-6b2">
         <name>scalbn</name>
         <value>0x2455</value>
         <object_component_ref idref="oc-3de"/>
      </symbol>
      <symbol id="sm-6b3">
         <name>scalbnl</name>
         <value>0x2455</value>
         <object_component_ref idref="oc-3de"/>
      </symbol>
      <symbol id="sm-6b4">
         <name>ldexpl</name>
         <value>0x2455</value>
         <object_component_ref idref="oc-3de"/>
      </symbol>
      <symbol id="sm-6b5">
         <name>ldexp</name>
         <value>0x2455</value>
         <object_component_ref idref="oc-3de"/>
      </symbol>
      <symbol id="sm-6c5">
         <name>__TI_doflush</name>
         <value>0x35c9</value>
         <object_component_ref idref="oc-41b"/>
      </symbol>
      <symbol id="sm-6d5">
         <name>__TI_cleanup</name>
         <value>0x3a51</value>
         <object_component_ref idref="oc-4b4"/>
      </symbol>
      <symbol id="sm-6e7">
         <name>fseek</name>
         <value>0x324d</value>
         <object_component_ref idref="oc-475"/>
      </symbol>
      <symbol id="sm-6f1">
         <name>__aeabi_idiv0</name>
         <value>0x1d23</value>
         <object_component_ref idref="oc-36b"/>
      </symbol>
      <symbol id="sm-6f2">
         <name>__aeabi_ldiv0</name>
         <value>0x1d23</value>
         <object_component_ref idref="oc-36b"/>
      </symbol>
      <symbol id="sm-71a">
         <name>__TI_auto_init_nobinit_nopinit</name>
         <value>0x37c1</value>
         <object_component_ref idref="oc-10c"/>
      </symbol>
      <symbol id="sm-724">
         <name>_system_pre_init</name>
         <value>0x3f17</value>
         <object_component_ref idref="oc-9c"/>
      </symbol>
      <symbol id="sm-737">
         <name>HOSTclose</name>
         <value>0x3739</value>
         <object_component_ref idref="oc-503"/>
      </symbol>
      <symbol id="sm-748">
         <name>HOSTlseek</name>
         <value>0x3049</value>
         <object_component_ref idref="oc-515"/>
      </symbol>
      <symbol id="sm-75a">
         <name>parmbuf</name>
         <value>0x20001220</value>
      </symbol>
      <symbol id="sm-75b">
         <name>HOSTopen</name>
         <value>0x3315</value>
         <object_component_ref idref="oc-4fd"/>
      </symbol>
      <symbol id="sm-76c">
         <name>HOSTread</name>
         <value>0x33d1</value>
         <object_component_ref idref="oc-509"/>
      </symbol>
      <symbol id="sm-77d">
         <name>HOSTrename</name>
         <value>0x2fdd</value>
         <object_component_ref idref="oc-521"/>
      </symbol>
      <symbol id="sm-78e">
         <name>HOSTunlink</name>
         <value>0x377d</value>
         <object_component_ref idref="oc-51b"/>
      </symbol>
      <symbol id="sm-79f">
         <name>HOSTwrite</name>
         <value>0x3429</value>
         <object_component_ref idref="oc-50f"/>
      </symbol>
      <symbol id="sm-7c3">
         <name>__TI_readmsg</name>
         <value>0x3a85</value>
         <object_component_ref idref="oc-550"/>
      </symbol>
      <symbol id="sm-7c4">
         <name>C$$IO$$</name>
         <value>0x39a7</value>
         <object_component_ref idref="oc-54a"/>
      </symbol>
      <symbol id="sm-7c5">
         <name>__CIOBUF_</name>
         <value>0x20001060</value>
         <object_component_ref idref="oc-57b"/>
      </symbol>
      <symbol id="sm-7c6">
         <name>__TI_writemsg</name>
         <value>0x3979</value>
         <object_component_ref idref="oc-54a"/>
      </symbol>
      <symbol id="sm-7d7">
         <name>lseek</name>
         <value>0x3c01</value>
         <object_component_ref idref="oc-4a0"/>
      </symbol>
      <symbol id="sm-7e1">
         <name>copysign</name>
         <value>0x3d4b</value>
         <object_component_ref idref="oc-459"/>
      </symbol>
      <symbol id="sm-7e2">
         <name>copysignl</name>
         <value>0x3d4b</value>
         <object_component_ref idref="oc-459"/>
      </symbol>
      <symbol id="sm-7f7">
         <name>__TI_closefile</name>
         <value>0x2e89</value>
         <object_component_ref idref="oc-4f1"/>
      </symbol>
      <symbol id="sm-81a">
         <name>finddevice</name>
         <value>0x3b21</value>
         <object_component_ref idref="oc-599"/>
      </symbol>
      <symbol id="sm-81b">
         <name>getdevice</name>
         <value>0x3805</value>
         <object_component_ref idref="oc-571"/>
      </symbol>
      <symbol id="sm-829">
         <name>strcpy</name>
         <value>0x3e01</value>
         <object_component_ref idref="oc-564"/>
      </symbol>
      <symbol id="sm-839">
         <name>strncpy</name>
         <value>0x39b1</value>
         <object_component_ref idref="oc-593"/>
      </symbol>
      <symbol id="sm-84e">
         <name>close</name>
         <value>0x3375</value>
         <object_component_ref idref="oc-539"/>
      </symbol>
      <symbol id="sm-85e">
         <name>unlink</name>
         <value>0x3bad</value>
         <object_component_ref idref="oc-53f"/>
      </symbol>
      <symbol id="sm-8c4">
         <name>GPIOPinTypePWM</name>
         <value>0x3d95</value>
         <object_component_ref idref="oc-162"/>
      </symbol>
      <symbol id="sm-8c5">
         <name>GPIOPinConfigure</name>
         <value>0x357d</value>
         <object_component_ref idref="oc-15c"/>
      </symbol>
      <symbol id="sm-8c6">
         <name>GPIOPinTypeUART</name>
         <value>0x3dab</value>
         <object_component_ref idref="oc-1b8"/>
      </symbol>
      <symbol id="sm-8c7">
         <name>GPIOPinTypeGPIOOutput</name>
         <value>0x3d31</value>
         <object_component_ref idref="oc-1ee"/>
      </symbol>
      <symbol id="sm-8c8">
         <name>GPIODirModeSet</name>
         <value>0x3b7f</value>
         <object_component_ref idref="oc-25a"/>
      </symbol>
      <symbol id="sm-8c9">
         <name>GPIOPinWrite</name>
         <value>0x3ef9</value>
         <object_component_ref idref="oc-1f4"/>
      </symbol>
      <symbol id="sm-8ca">
         <name>GPIOPadConfigSet</name>
         <value>0x1d25</value>
         <object_component_ref idref="oc-260"/>
      </symbol>
      <symbol id="sm-915">
         <name>IntPrioritySet</name>
         <value>0x3c51</value>
         <object_component_ref idref="oc-1d6"/>
      </symbol>
      <symbol id="sm-916">
         <name>IntEnable</name>
         <value>0x30b1</value>
         <object_component_ref idref="oc-1e2"/>
      </symbol>
      <symbol id="sm-917">
         <name>IntRegister</name>
         <value>0x39e9</value>
         <object_component_ref idref="oc-2b4"/>
      </symbol>
      <symbol id="sm-918">
         <name>g_pfnRAMVectors</name>
         <value>0x20000000</value>
         <object_component_ref idref="oc-384"/>
      </symbol>
      <symbol id="sm-919">
         <name>IntMasterEnable</name>
         <value>0x3e4d</value>
         <object_component_ref idref="oc-1e8"/>
      </symbol>
      <symbol id="sm-946">
         <name>PWMGenPeriodSet</name>
         <value>0x3e5d</value>
         <object_component_ref idref="oc-16e"/>
      </symbol>
      <symbol id="sm-947">
         <name>PWMPulseWidthSet</name>
         <value>0x3cd9</value>
         <object_component_ref idref="oc-174"/>
      </symbol>
      <symbol id="sm-948">
         <name>PWMOutputState</name>
         <value>0x3e29</value>
         <object_component_ref idref="oc-180"/>
      </symbol>
      <symbol id="sm-949">
         <name>PWMGenEnable</name>
         <value>0x3e95</value>
         <object_component_ref idref="oc-17a"/>
      </symbol>
      <symbol id="sm-94a">
         <name>PWMGenConfigure</name>
         <value>0x3c75</value>
         <object_component_ref idref="oc-168"/>
      </symbol>
      <symbol id="sm-9bd">
         <name>SysCtlPeripheralPresent</name>
         <value>0x3909</value>
         <object_component_ref idref="oc-276"/>
      </symbol>
      <symbol id="sm-9be">
         <name>SysCtlClockSet</name>
         <value>0x2761</value>
         <object_component_ref idref="oc-e3"/>
      </symbol>
      <symbol id="sm-9bf">
         <name>SysCtlDelay</name>
         <value>0x3eff</value>
         <object_component_ref idref="oc-e2"/>
      </symbol>
      <symbol id="sm-9c0">
         <name>SysCtlPeripheralEnable</name>
         <value>0x3a1d</value>
         <object_component_ref idref="oc-156"/>
      </symbol>
      <symbol id="sm-9c1">
         <name>SysCtlClockGet</name>
         <value>0x2229</value>
         <object_component_ref idref="oc-dc"/>
      </symbol>
      <symbol id="sm-9c2">
         <name>SysCtlPWMClockSet</name>
         <value>0x3dd9</value>
         <object_component_ref idref="oc-150"/>
      </symbol>
      <symbol id="sm-9c3">
         <name>SysCtlPeripheralReady</name>
         <value>0x3941</value>
         <object_component_ref idref="oc-1b2"/>
      </symbol>
      <symbol id="sm-a4d">
         <name>UARTConfigSetExpClk</name>
         <value>0x36f1</value>
         <object_component_ref idref="oc-1be"/>
      </symbol>
      <symbol id="sm-a4e">
         <name>UARTDisable</name>
         <value>0x3c99</value>
         <object_component_ref idref="oc-29f"/>
      </symbol>
      <symbol id="sm-a4f">
         <name>UARTIntEnable</name>
         <value>0x3ee1</value>
         <object_component_ref idref="oc-1d0"/>
      </symbol>
      <symbol id="sm-a50">
         <name>UARTCharsAvail</name>
         <value>0x3e6d</value>
         <object_component_ref idref="oc-1a0"/>
      </symbol>
      <symbol id="sm-a51">
         <name>UARTCharPut</name>
         <value>0x3ec3</value>
         <object_component_ref idref="oc-282"/>
      </symbol>
      <symbol id="sm-a52">
         <name>UARTEnable</name>
         <value>0x3ded</value>
         <object_component_ref idref="oc-27c"/>
      </symbol>
      <symbol id="sm-a53">
         <name>UARTFIFOEnable</name>
         <value>0x3ecd</value>
         <object_component_ref idref="oc-1c4"/>
      </symbol>
      <symbol id="sm-a54">
         <name>UARTIntClear</name>
         <value>0x3f0b</value>
         <object_component_ref idref="oc-194"/>
      </symbol>
      <symbol id="sm-a55">
         <name>UARTIntStatus</name>
         <value>0x3ed7</value>
         <object_component_ref idref="oc-18e"/>
      </symbol>
      <symbol id="sm-a56">
         <name>UARTCharGet</name>
         <value>0x3eb9</value>
         <object_component_ref idref="oc-19a"/>
      </symbol>
      <symbol id="sm-a57">
         <name>UARTFIFOLevelSet</name>
         <value>0x3f05</value>
         <object_component_ref idref="oc-1ca"/>
      </symbol>
      <symbol id="sm-a58">
         <name>UARTIntRegister</name>
         <value>0x3d65</value>
         <object_component_ref idref="oc-1dc"/>
      </symbol>
      <symbol id="sm-a62">
         <name>CPUcpsie</name>
         <value>0x3e89</value>
         <object_component_ref idref="oc-2bf"/>
      </symbol>
      <symbol id="sm-a63">
         <name>__TI_static_base__</name>
         <value>0x0</value>
      </symbol>
      <symbol id="sm-a66">
         <name>__mpu_init</name>
         <value>0x0</value>
      </symbol>
      <symbol id="sm-a67">
         <name>_system_post_cinit</name>
         <value>0x0</value>
      </symbol>
      <symbol id="sm-a68">
         <name>remove</name>
         <value>0x3bad</value>
      </symbol>
   </symbol_table>
   <title>Link successful</title>
</link_info>
